Component: ARM Compiler 5.06 update 6 (build 750) Tool: armlink [4d35ed]

==============================================================================

Section Cross References

    startup_stm32f427xx.o(RESET) refers to startup_stm32f427xx.o(STACK) for __initial_sp
    startup_stm32f427xx.o(RESET) refers to startup_stm32f427xx.o(.text) for Reset_Handler
    startup_stm32f427xx.o(RESET) refers to stm32f4xx_it.o(i.NMI_Handler) for NMI_Handler
    startup_stm32f427xx.o(RESET) refers to stm32f4xx_it.o(i.HardFault_Handler) for HardFault_Handler
    startup_stm32f427xx.o(RESET) refers to stm32f4xx_it.o(i.MemManage_Handler) for MemManage_Handler
    startup_stm32f427xx.o(RESET) refers to stm32f4xx_it.o(i.BusFault_Handler) for BusFault_Handler
    startup_stm32f427xx.o(RESET) refers to stm32f4xx_it.o(i.UsageFault_Handler) for UsageFault_Handler
    startup_stm32f427xx.o(RESET) refers to stm32f4xx_it.o(i.SVC_Handler) for SVC_Handler
    startup_stm32f427xx.o(RESET) refers to stm32f4xx_it.o(i.DebugMon_Handler) for DebugMon_Handler
    startup_stm32f427xx.o(RESET) refers to stm32f4xx_it.o(i.PendSV_Handler) for PendSV_Handler
    startup_stm32f427xx.o(RESET) refers to stm32f4xx_it.o(i.SysTick_Handler) for SysTick_Handler
    startup_stm32f427xx.o(RESET) refers to stm32f4xx_it.o(i.EXTI0_IRQHandler) for EXTI0_IRQHandler
    startup_stm32f427xx.o(RESET) refers to stm32f4xx_it.o(i.EXTI2_IRQHandler) for EXTI2_IRQHandler
    startup_stm32f427xx.o(RESET) refers to dma.o(i.DMA1_Stream1_IRQHandler) for DMA1_Stream1_IRQHandler
    startup_stm32f427xx.o(RESET) refers to dma.o(i.DMA1_Stream3_IRQHandler) for DMA1_Stream3_IRQHandler
    startup_stm32f427xx.o(RESET) refers to dma.o(i.DMA1_Stream5_IRQHandler) for DMA1_Stream5_IRQHandler
    startup_stm32f427xx.o(RESET) refers to dma.o(i.DMA1_Stream6_IRQHandler) for DMA1_Stream6_IRQHandler
    startup_stm32f427xx.o(RESET) refers to stm32f4xx_it.o(i.CAN1_TX_IRQHandler) for CAN1_TX_IRQHandler
    startup_stm32f427xx.o(RESET) refers to stm32f4xx_it.o(i.CAN1_RX0_IRQHandler) for CAN1_RX0_IRQHandler
    startup_stm32f427xx.o(RESET) refers to tim.o(i.TIM2_IRQHandler) for TIM2_IRQHandler
    startup_stm32f427xx.o(RESET) refers to tim.o(i.TIM3_IRQHandler) for TIM3_IRQHandler
    startup_stm32f427xx.o(RESET) refers to tim.o(i.TIM4_IRQHandler) for TIM4_IRQHandler
    startup_stm32f427xx.o(RESET) refers to usart.o(i.USART1_IRQHandler) for USART1_IRQHandler
    startup_stm32f427xx.o(RESET) refers to tim.o(i.TIM5_IRQHandler) for TIM5_IRQHandler
    startup_stm32f427xx.o(RESET) refers to dma.o(i.DMA2_Stream1_IRQHandler) for DMA2_Stream1_IRQHandler
    startup_stm32f427xx.o(RESET) refers to dma.o(i.DMA2_Stream2_IRQHandler) for DMA2_Stream2_IRQHandler
    startup_stm32f427xx.o(RESET) refers to stm32f4xx_it.o(i.CAN2_TX_IRQHandler) for CAN2_TX_IRQHandler
    startup_stm32f427xx.o(RESET) refers to stm32f4xx_it.o(i.CAN2_RX0_IRQHandler) for CAN2_RX0_IRQHandler
    startup_stm32f427xx.o(RESET) refers to stm32f4xx_it.o(i.OTG_FS_IRQHandler) for OTG_FS_IRQHandler
    startup_stm32f427xx.o(.text) refers to system_stm32f4xx.o(i.SystemInit) for SystemInit
    startup_stm32f427xx.o(.text) refers to entry.o(.ARM.Collect$$$$00000000) for __main
    stm32f4xx_hal_pcd.o(i.HAL_PCD_DeInit) refers to stm32f4xx_hal_pcd.o(i.HAL_PCD_Stop) for HAL_PCD_Stop
    stm32f4xx_hal_pcd.o(i.HAL_PCD_DeInit) refers to usbd_conf.o(i.HAL_PCD_MspDeInit) for HAL_PCD_MspDeInit
    stm32f4xx_hal_pcd.o(i.HAL_PCD_DevConnect) refers to stm32f4xx_ll_usb.o(i.USB_DevConnect) for USB_DevConnect
    stm32f4xx_hal_pcd.o(i.HAL_PCD_DevDisconnect) refers to stm32f4xx_ll_usb.o(i.USB_DevDisconnect) for USB_DevDisconnect
    stm32f4xx_hal_pcd.o(i.HAL_PCD_EP_Close) refers to stm32f4xx_ll_usb.o(i.USB_DeactivateEndpoint) for USB_DeactivateEndpoint
    stm32f4xx_hal_pcd.o(i.HAL_PCD_EP_ClrStall) refers to stm32f4xx_ll_usb.o(i.USB_EPClearStall) for USB_EPClearStall
    stm32f4xx_hal_pcd.o(i.HAL_PCD_EP_Flush) refers to stm32f4xx_ll_usb.o(i.USB_FlushTxFifo) for USB_FlushTxFifo
    stm32f4xx_hal_pcd.o(i.HAL_PCD_EP_Flush) refers to stm32f4xx_ll_usb.o(i.USB_FlushRxFifo) for USB_FlushRxFifo
    stm32f4xx_hal_pcd.o(i.HAL_PCD_EP_Open) refers to stm32f4xx_ll_usb.o(i.USB_ActivateEndpoint) for USB_ActivateEndpoint
    stm32f4xx_hal_pcd.o(i.HAL_PCD_EP_Receive) refers to stm32f4xx_ll_usb.o(i.USB_EP0StartXfer) for USB_EP0StartXfer
    stm32f4xx_hal_pcd.o(i.HAL_PCD_EP_Receive) refers to stm32f4xx_ll_usb.o(i.USB_EPStartXfer) for USB_EPStartXfer
    stm32f4xx_hal_pcd.o(i.HAL_PCD_EP_SetStall) refers to stm32f4xx_ll_usb.o(i.USB_EPSetStall) for USB_EPSetStall
    stm32f4xx_hal_pcd.o(i.HAL_PCD_EP_SetStall) refers to stm32f4xx_ll_usb.o(i.USB_EP0_OutStart) for USB_EP0_OutStart
    stm32f4xx_hal_pcd.o(i.HAL_PCD_EP_Transmit) refers to stm32f4xx_ll_usb.o(i.USB_EP0StartXfer) for USB_EP0StartXfer
    stm32f4xx_hal_pcd.o(i.HAL_PCD_EP_Transmit) refers to stm32f4xx_ll_usb.o(i.USB_EPStartXfer) for USB_EPStartXfer
[...]
    DMA1_Stream7_IRQHandler                  0x080001db   Thumb Code     0  startup_stm32f427xx.o(.text)
    DMA2D_IRQHandler                         0x080001db   Thumb Code     0  startup_stm32f427xx.o(.text)
    DMA2_Stream0_IRQHandler                  0x080001db   Thumb Code     0  startup_stm32f427xx.o(.text)
    DMA2_Stream3_IRQHandler                  0x080001db   Thumb Code     0  startup_stm32f427xx.o(.text)
    DMA2_Stream4_IRQHandler                  0x080001db   Thumb Code     0  startup_stm32f427xx.o(.text)
    DMA2_Stream5_IRQHandler                  0x080001db   Thumb Code     0  startup_stm32f427xx.o(.text)
    DMA2_Stream6_IRQHandler                  0x080001db   Thumb Code     0  startup_stm32f427xx.o(.text)
    DMA2_Stream7_IRQHandler                  0x080001db   Thumb Code     0  startup_stm32f427xx.o(.text)
    ETH_IRQHandler                           0x080001db   Thumb Code     0  startup_stm32f427xx.o(.text)
    ETH_WKUP_IRQHandler                      0x080001db   Thumb Code     0  startup_stm32f427xx.o(.text)
    EXTI15_10_IRQHandler                     0x080001db   Thumb Code     0  startup_stm32f427xx.o(.text)
    EXTI1_IRQHandler                         0x080001db   Thumb Code     0  startup_stm32f427xx.o(.text)
    EXTI3_IRQHandler                         0x080001db   Thumb Code     0  startup_stm32f427xx.o(.text)
    EXTI4_IRQHandler                         0x080001db   Thumb Code     0  startup_stm32f427xx.o(.text)
    EXTI9_5_IRQHandler                       0x080001db   Thumb Code     0  startup_stm32f427xx.o(.text)
    FLASH_IRQHandler                         0x080001db   Thumb Code     0  startup_stm32f427xx.o(.text)
    FMC_IRQHandler                           0x080001db   Thumb Code     0  startup_stm32f427xx.o(.text)
    FPU_IRQHandler                           0x080001db   Thumb Code     0  startup_stm32f427xx.o(.text)
    HASH_RNG_IRQHandler                      0x080001db   Thumb Code     0  startup_stm32f427xx.o(.text)
    I2C1_ER_IRQHandler                       0x080001db   Thumb Code     0  startup_stm32f427xx.o(.text)
    I2C1_EV_IRQHandler                       0x080001db   Thumb Code     0  startup_stm32f427xx.o(.text)
    I2C2_ER_IRQHandler                       0x080001db   Thumb Code     0  startup_stm32f427xx.o(.text)
    I2C2_EV_IRQHandler                       0x080001db   Thumb Code     0  startup_stm32f427xx.o(.text)
    I2C3_ER_IRQHandler                       0x080001db   Thumb Code     0  startup_stm32f427xx.o(.text)
    I2C3_EV_IRQHandler                       0x080001db   Thumb Code     0  startup_stm32f427xx.o(.text)
    OTG_FS_WKUP_IRQHandler                   0x080001db   Thumb Code     0  startup_stm32f427xx.o(.text)
    OTG_HS_EP1_IN_IRQHandler                 0x080001db   Thumb Code     0  startup_stm32f427xx.o(.text)
    OTG_HS_EP1_OUT_IRQHandler                0x080001db   Thumb Code     0  startup_stm32f427xx.o(.text)
    OTG_HS_IRQHandler                        0x080001db   Thumb Code     0  startup_stm32f427xx.o(.text)
    OTG_HS_WKUP_IRQHandler                   0x080001db   Thumb Code     0  startup_stm32f427xx.o(.text)
    PVD_IRQHandler                           0x080001db   Thumb Code     0  startup_stm32f427xx.o(.text)
    RCC_IRQHandler                           0x080001db   Thumb Code     0  startup_stm32f427xx.o(.text)
    RTC_Alarm_IRQHandler                     0x080001db   Thumb Code     0  startup_stm32f427xx.o(.text)
    RTC_WKUP_IRQHandler                      0x080001db   Thumb Code     0  startup_stm32f427xx.o(.text)
    SAI1_IRQHandler                          0x080001db   Thumb Code     0  startup_stm32f427xx.o(.text)
    SDIO_IRQHandler                          0x080001db   Thumb Code     0  startup_stm32f427xx.o(.text)
    SPI1_IRQHandler                          0x080001db   Thumb Code     0  startup_stm32f427xx.o(.text)
    SPI2_IRQHandler                          0x080001db   Thumb Code     0  startup_stm32f427xx.o(.text)
    SPI3_IRQHandler                          0x080001db   Thumb Code     0  startup_stm32f427xx.o(.text)
    SPI4_IRQHandler                          0x080001db   Thumb Code     0  startup_stm32f427xx.o(.text)
    SPI5_IRQHandler                          0x080001db   Thumb Code     0  startup_stm32f427xx.o(.text)
    SPI6_IRQHandler                          0x080001db   Thumb Code     0  startup_stm32f427xx.o(.text)
    TAMP_STAMP_IRQHandler                    0x080001db   Thumb Code     0  startup_stm32f427xx.o(.text)
    TIM1_BRK_TIM9_IRQHandler                 0x080001db   Thumb Code     0  startup_stm32f427xx.o(.text)
    TIM1_CC_IRQHandler                       0x080001db   Thumb Code     0  startup_stm32f427xx.o(.text)
    TIM1_TRG_COM_TIM11_IRQHandler            0x080001db   Thumb Code     0  startup_stm32f427xx.o(.text)
    TIM1_UP_TIM10_IRQHandler                 0x080001db   Thumb Code     0  startup_stm32f427xx.o(.text)
    TIM6_DAC_IRQHandler                      0x080001db   Thumb Code     0  startup_stm32f427xx.o(.text)
    TIM7_IRQHandler                          0x080001db   Thumb Code     0  startup_stm32f427xx.o(.text)
    TIM8_BRK_TIM12_IRQHandler                0x080001db   Thumb Code     0  startup_stm32f427xx.o(.text)
    TIM8_CC_IRQHandler                       0x080001db   Thumb Code     0  startup_stm32f427xx.o(.text)
    TIM8_TRG_COM_TIM14_IRQHandler            0x080001db   Thumb Code     0  startup_stm32f427xx.o(.text)
    TIM8_UP_TIM13_IRQHandler                 0x080001db   Thumb Code     0  startup_stm32f427xx.o(.text)
    UART4_IRQHandler                         0x080001db   Thumb Code     0  startup_stm32f427xx.o(.text)
    UART5_IRQHandler                         0x080001db   Thumb Code     0  startup_stm32f427xx.o(.text)
    UART7_IRQHandler                         0x080001db   Thumb Code     0  startup_stm32f427xx.o(.text)
    UART8_IRQHandler                         0x080001db   Thumb Code     0  startup_stm32f427xx.o(.text)
    USART2_IRQHandler                        0x080001db   Thumb Code     0  startup_stm32f427xx.o(.text)
    USART3_IRQHandler                        0x080001db   Thumb Code     0  startup_stm32f427xx.o(.text)
    USART6_IRQHandler                        0x080001db   Thumb Code     0  startup_stm32f427xx.o(.text)
    WWDG_IRQHandler                          0x080001db   Thumb Code     0  startup_stm32f427xx.o(.text)
    __aeabi_memcpy                           0x080001e5   Thumb Code    36  memcpya.o(.text)
    __aeabi_memcpy4                          0x080001e5   Thumb Code     0  memcpya.o(.text)
    __aeabi_memcpy8                          0x080001e5   Thumb Code     0  memcpya.o(.text)
    __aeabi_memset                           0x08000209   Thumb Code    14  memseta.o(.text)
    __aeabi_memset4                          0x08000209   Thumb Code     0  memseta.o(.text)
    __aeabi_memset8                          0x08000209   Thumb Code     0  memseta.o(.text)
    __aeabi_memclr                           0x08000217   Thumb Code     4  memseta.o(.text)
    __aeabi_memclr4                          0x08000217   Thumb Code     0  memseta.o(.text)
    __aeabi_memclr8                          0x08000217   Thumb Code     0  memseta.o(.text)
    _memset$wrapper                          0x0800021b   Thumb Code    18  memseta.o(.text)
    __aeabi_dadd                             0x0800022d   Thumb Code   322  dadd.o(.text)
    __aeabi_dsub                             0x0800036f   Thumb Code     6  dadd.o(.text)
    __aeabi_drsub                            0x08000375   Thumb Code     6  dadd.o(.text)
    __aeabi_dmul                             0x0800037b   Thumb Code   228  dmul.o(.text)
    __aeabi_ddiv                             0x0800045f   Thumb Code   222  ddiv.o(.text)
    __aeabi_ui2d                             0x0800053d   Thumb Code    26  dfltui.o(.text)
    __aeabi_f2d                              0x08000557   Thumb Code    38  f2d.o(.text)
    __aeabi_cdcmpeq                          0x0800057d   Thumb Code     0  cdcmple.o(.text)
    __aeabi_cdcmple                          0x0800057d   Thumb Code    48  cdcmple.o(.text)
    __aeabi_cdrcmple                         0x080005ad   Thumb Code    48  cdrcmple.o(.text)
    __aeabi_d2f                              0x080005dd   Thumb Code    56  d2f.o(.text)
    __aeabi_llsl                             0x08000615   Thumb Code    30  llshl.o(.text)
    _ll_shift_l                              0x08000615   Thumb Code     0  llshl.o(.text)
    __aeabi_lasr                             0x08000633   Thumb Code    36  llsshr.o(.text)
    _ll_sshift_r                             0x08000633   Thumb Code     0  llsshr.o(.text)
    __I$use$fp                               0x08000657   Thumb Code     0  iusefp.o(.text)
    _float_round                             0x08000657   Thumb Code    18  fepilogue.o(.text)
    _float_epilogue                          0x08000669   Thumb Code    92  fepilogue.o(.text)
    _double_round                            0x080006c5   Thumb Code    30  depilogue.o(.text)
    _double_epilogue                         0x080006e3   Thumb Code   156  depilogue.o(.text)
    _dsqrt                                   0x0800077f   Thumb Code   162  dsqrt.o(.text)
    __scatterload                            0x08000821   Thumb Code    28  init.o(.text)
    __scatterload_rt2                        0x08000821   Thumb Code     0  init.o(.text)
    __aeabi_llsr                             0x08000845   Thumb Code    32  llushr.o(.text)
    _ll_ushift_r                             0x08000845   Thumb Code     0  llushr.o(.text)
    __decompress                             0x08000865   Thumb Code     0  __dczerorl.o(.text)
    __decompress0                            0x08000865   Thumb Code    58  __dczerorl.o(.text)
    ABSLimit                                 0x0800089f   Thumb Code    46  pid.o(i.ABSLimit)
    AutoOffset                               0x080008cd   Thumb Code   462  m_imu.o(i.AutoOffset)
    BusFault_Handler                         0x08000acd   Thumb Code     4  stm32f4xx_it.o(i.BusFault_Handler)
    CAN1_RX0_IRQHandler                      0x08000ad1   Thumb Code    10  stm32f4xx_it.o(i.CAN1_RX0_IRQHandler)
    CAN1_TX_IRQHandler                       0x08000ae1   Thumb Code    10  stm32f4xx_it.o(i.CAN1_TX_IRQHandler)
    CAN2_RX0_IRQHandler                      0x08000af1   Thumb Code    10  stm32f4xx_it.o(i.CAN2_RX0_IRQHandler)
    CAN2_TX_IRQHandler                       0x08000b01   Thumb Code    10  stm32f4xx_it.o(i.CAN2_TX_IRQHandler)
    CAN_Filter_Init_Recv_All                 0x08000b11   Thumb Code    78  can.o(i.CAN_Filter_Init_Recv_All)
    DMA1_Stream1_IRQHandler                  0x08000d99   Thumb Code    10  dma.o(i.DMA1_Stream1_IRQHandler)
    DMA1_Stream3_IRQHandler                  0x08000da9   Thumb Code    10  dma.o(i.DMA1_Stream3_IRQHandler)
    DMA1_Stream5_IRQHandler                  0x08000db9   Thumb Code    10  dma.o(i.DMA1_Stream5_IRQHandler)
    DMA1_Stream6_IRQHandler                  0x08000dc9   Thumb Code    10  dma.o(i.DMA1_Stream6_IRQHandler)
    DMA2_Stream1_IRQHandler                  0x08000dd9   Thumb Code    10  dma.o(i.DMA2_Stream1_IRQHandler)
    DMA2_Stream2_IRQHandler                  0x08000de9   Thumb Code    10  dma.o(i.DMA2_Stream2_IRQHandler)
    DebugMon_Handler                         0x08000f13   Thumb Code     2  stm32f4xx_it.o(i.DebugMon_Handler)
    EXTI0_IRQHandler                         0x08000f15   Thumb Code    10  stm32f4xx_it.o(i.EXTI0_IRQHandler)
    EXTI2_IRQHandler                         0x08000f1f   Thumb Code    10  stm32f4xx_it.o(i.EXTI2_IRQHandler)
    EncoderParaInit                          0x08000f29   Thumb Code    30  moto_encoder.o(i.EncoderParaInit)
    Error_Handler                            0x08000f51   Thumb Code     4  main.o(i.Error_Handler)
    GenerallySetTripodAngle                  0x08000f55   Thumb Code   152  robodata.o(i.GenerallySetTripodAngle)
    GetAverage                               0x08001001   Thumb Code    52  m_imu.o(i.GetAverage)
    GetEncoderMeasure                        0x08001039   Thumb Code   516  moto_encoder.o(i.GetEncoderMeasure)
    GetIntergralPitch                        0x08001255   Thumb Code    36  tripod.o(i.GetIntergralPitch)
    GetIntergralYaw                          0x0800127d   Thumb Code    36  tripod.o(i.GetIntergralYaw)
    GetPitchAngle100Hz                       0x080012a5   Thumb Code   250  tripod.o(i.GetPitchAngle100Hz)
    GetRemoteControlData                     0x080013b5   Thumb Code    60  robodata.o(i.GetRemoteControlData)
    GetVariance                              0x080013f5   Thumb Code   100  m_imu.o(i.GetVariance)
    GetYawAngle100Hz                         0x0800145d   Thumb Code   250  tripod.o(i.GetYawAngle100Hz)
    Get_CRC16_Check_Sum                      0x0800156d   Thumb Code    46  dji_protocol.o(i.Get_CRC16_Check_Sum)
    Get_CRC8_Check_Sum                       0x080015a1   Thumb Code    30  dji_protocol.o(i.Get_CRC8_Check_Sum)
    GyroQueue                                0x080015c5   Thumb Code   266  m_imu.o(i.GyroQueue)
    HAL_CAN_ConfigFilter                     0x080016e5   Thumb Code   294  stm32f4xx_hal_can.o(i.HAL_CAN_ConfigFilter)
    HAL_CAN_ErrorCallback                    0x08001811   Thumb Code     2  stm32f4xx_hal_can.o(i.HAL_CAN_ErrorCallback)
    HAL_CAN_IRQHandler                       0x08001815   Thumb Code   446  stm32f4xx_hal_can.o(i.HAL_CAN_IRQHandler)
    HAL_CAN_Init                             0x080019e1   Thumb Code   448  stm32f4xx_hal_can.o(i.HAL_CAN_Init)
    HAL_CAN_MspInit                          0x08001ba1   Thumb Code   282  can.o(i.HAL_CAN_MspInit)
    HAL_CAN_Receive_IT                       0x08001cd5   Thumb Code   174  stm32f4xx_hal_can.o(i.HAL_CAN_Receive_IT)
    HAL_CAN_RxCpltCallback                   0x08001d85   Thumb Code   298  can_callback.o(i.HAL_CAN_RxCpltCallback)
    HAL_CAN_Transmit                         0x08001ee5   Thumb Code   594  stm32f4xx_hal_can.o(i.HAL_CAN_Transmit)
    HAL_CAN_TxCpltCallback                   0x08002145   Thumb Code     2  stm32f4xx_hal_can.o(i.HAL_CAN_TxCpltCallback)
    HAL_DMA_Abort_IT                         0x08002147   Thumb Code    40  stm32f4xx_hal_dma.o(i.HAL_DMA_Abort_IT)
    HAL_DMA_DeInit                           0x0800216f   Thumb Code    98  stm32f4xx_hal_dma.o(i.HAL_DMA_DeInit)
    HAL_DMA_IRQHandler                       0x080021d1   Thumb Code   574  stm32f4xx_hal_dma.o(i.HAL_DMA_IRQHandler)
    HAL_DMA_Init                             0x08002419   Thumb Code   228  stm32f4xx_hal_dma.o(i.HAL_DMA_Init)
    HAL_DMA_Start_IT                         0x08002501   Thumb Code   158  stm32f4xx_hal_dma.o(i.HAL_DMA_Start_IT)
    HAL_Delay                                0x0800259f   Thumb Code    26  stm32f4xx_hal.o(i.HAL_Delay)
    HAL_GPIO_EXTI_Callback                   0x080025b9   Thumb Code    20  gpio_callback.o(i.HAL_GPIO_EXTI_Callback)
    HAL_GPIO_EXTI_IRQHandler                 0x080025d1   Thumb Code    24  stm32f4xx_hal_gpio.o(i.HAL_GPIO_EXTI_IRQHandler)
    HAL_GPIO_Init                            0x080025ed   Thumb Code   486  stm32f4xx_hal_gpio.o(i.HAL_GPIO_Init)
    HAL_GPIO_WritePin                        0x08002809   Thumb Code    12  stm32f4xx_hal_gpio.o(i.HAL_GPIO_WritePin)
    HAL_GetTick                              0x08002815   Thumb Code     6  stm32f4xx_hal.o(i.HAL_GetTick)
    HAL_IncTick                              0x08002821   Thumb Code    12  stm32f4xx_hal.o(i.HAL_IncTick)
    HAL_Init                                 0x08002831   Thumb Code    54  stm32f4xx_hal.o(i.HAL_Init)
    HAL_InitTick                             0x0800286d   Thumb Code    36  stm32f4xx_hal.o(i.HAL_InitTick)
    HAL_MspInit                              0x08002895   Thumb Code    86  stm32f4xx_hal_msp.o(i.HAL_MspInit)
    HAL_MultiProcessor_Init                  0x080028eb   Thumb Code   154  stm32f4xx_hal_uart.o(i.HAL_MultiProcessor_Init)
    HAL_NVIC_EnableIRQ                       0x08002985   Thumb Code    26  stm32f4xx_hal_cortex.o(i.HAL_NVIC_EnableIRQ)
    HAL_NVIC_SetPriority                     0x0800299f   Thumb Code   124  stm32f4xx_hal_cortex.o(i.HAL_NVIC_SetPriority)
    HAL_NVIC_SetPriorityGrouping             0x08002a1d   Thumb Code    32  stm32f4xx_hal_cortex.o(i.HAL_NVIC_SetPriorityGrouping)
    HAL_PCD_ConnectCallback                  0x08002a45   Thumb Code    14  usbd_conf.o(i.HAL_PCD_ConnectCallback)
    HAL_PCD_DataInStageCallback              0x08002a53   Thumb Code    32  usbd_conf.o(i.HAL_PCD_DataInStageCallback)
    HAL_PCD_DataOutStageCallback             0x08002a73   Thumb Code    32  usbd_conf.o(i.HAL_PCD_DataOutStageCallback)
    HAL_PCD_DisconnectCallback               0x08002a93   Thumb Code    14  usbd_conf.o(i.HAL_PCD_DisconnectCallback)
    HAL_PCD_EP_ClrStall                      0x08002aa1   Thumb Code   104  stm32f4xx_hal_pcd.o(i.HAL_PCD_EP_ClrStall)
    HAL_PCD_EP_Open                          0x08002b09   Thumb Code   140  stm32f4xx_hal_pcd.o(i.HAL_PCD_EP_Open)
    HAL_PCD_EP_Receive                       0x08002b95   Thumb Code   120  stm32f4xx_hal_pcd.o(i.HAL_PCD_EP_Receive)
    HAL_PCD_EP_SetStall                      0x08002c0d   Thumb Code   122  stm32f4xx_hal_pcd.o(i.HAL_PCD_EP_SetStall)
    HAL_PCD_EP_Transmit                      0x08002c87   Thumb Code   122  stm32f4xx_hal_pcd.o(i.HAL_PCD_EP_Transmit)
    HAL_PCD_IRQHandler                       0x08002d01   Thumb Code  1642  stm32f4xx_hal_pcd.o(i.HAL_PCD_IRQHandler)
    HAL_PCD_ISOINIncompleteCallback          0x08003395   Thumb Code    18  usbd_conf.o(i.HAL_PCD_ISOINIncompleteCallback)
    HAL_PCD_ISOOUTIncompleteCallback         0x080033a7   Thumb Code    18  usbd_conf.o(i.HAL_PCD_ISOOUTIncompleteCallback)
    HAL_PCD_ResetCallback                    0x080033b9   Thumb Code    50  usbd_conf.o(i.HAL_PCD_ResetCallback)
    HAL_PCD_ResumeCallback                   0x080033eb   Thumb Code    14  usbd_conf.o(i.HAL_PCD_ResumeCallback)
    HAL_PCD_SOFCallback                      0x080033f9   Thumb Code    14  usbd_conf.o(i.HAL_PCD_SOFCallback)
    HAL_PCD_SetAddress                       0x08003407   Thumb Code    50  stm32f4xx_hal_pcd.o(i.HAL_PCD_SetAddress)
    HAL_PCD_SetupStageCallback               0x08003439   Thumb Code    18  usbd_conf.o(i.HAL_PCD_SetupStageCallback)
    HAL_PCD_SuspendCallback                  0x0800344d   Thumb Code    46  usbd_conf.o(i.HAL_PCD_SuspendCallback)
    HAL_RCC_ClockConfig                      0x08003481   Thumb Code   446  stm32f4xx_hal_rcc.o(i.HAL_RCC_ClockConfig)
    HAL_RCC_GetHCLKFreq                      0x08003651   Thumb Code     6  stm32f4xx_hal_rcc.o(i.HAL_RCC_GetHCLKFreq)
    HAL_RCC_GetPCLK1Freq                     0x0800365d   Thumb Code    36  stm32f4xx_hal_rcc.o(i.HAL_RCC_GetPCLK1Freq)
    HAL_RCC_GetPCLK2Freq                     0x08003689   Thumb Code    36  stm32f4xx_hal_rcc.o(i.HAL_RCC_GetPCLK2Freq)
    HAL_RCC_GetSysClockFreq                  0x080036b5   Thumb Code   168  stm32f4xx_hal_rcc.o(i.HAL_RCC_GetSysClockFreq)
    HAL_RCC_OscConfig                        0x08003769   Thumb Code   906  stm32f4xx_hal_rcc.o(i.HAL_RCC_OscConfig)
    HAL_SPI_Init                             0x08003b05   Thumb Code   140  stm32f4xx_hal_spi.o(i.HAL_SPI_Init)
    HAL_SPI_MspInit                          0x08003b91   Thumb Code    80  spi.o(i.HAL_SPI_MspInit)
    HAL_SPI_TransmitReceive                  0x08003bed   Thumb Code   542  stm32f4xx_hal_spi.o(i.HAL_SPI_TransmitReceive)
    HAL_SYSTICK_CLKSourceConfig              0x08003e0b   Thumb Code    40  stm32f4xx_hal_cortex.o(i.HAL_SYSTICK_CLKSourceConfig)
    HAL_SYSTICK_Callback                     0x08003e33   Thumb Code     2  stm32f4xx_hal_cortex.o(i.HAL_SYSTICK_Callback)
    HAL_SYSTICK_Config                       0x08003e35   Thumb Code    52  stm32f4xx_hal_cortex.o(i.HAL_SYSTICK_Config)
    HAL_SYSTICK_IRQHandler                   0x08003e69   Thumb Code     8  stm32f4xx_hal_cortex.o(i.HAL_SYSTICK_IRQHandler)
    HAL_TIMEx_BreakCallback                  0x08003e71   Thumb Code     2  stm32f4xx_hal_tim_ex.o(i.HAL_TIMEx_BreakCallback)
    HAL_TIMEx_CommutationCallback            0x08003e73   Thumb Code     2  stm32f4xx_hal_tim_ex.o(i.HAL_TIMEx_CommutationCallback)
    HAL_TIMEx_ConfigBreakDeadTime            0x08003e75   Thumb Code    80  stm32f4xx_hal_tim_ex.o(i.HAL_TIMEx_ConfigBreakDeadTime)
    HAL_TIMEx_MasterConfigSynchronization    0x08003ec5   Thumb Code    98  stm32f4xx_hal_tim_ex.o(i.HAL_TIMEx_MasterConfigSynchronization)
    HAL_TIM_Base_Init                        0x08003f27   Thumb Code    52  stm32f4xx_hal_tim.o(i.HAL_TIM_Base_Init)
    HAL_TIM_Base_MspInit                     0x08003f5d   Thumb Code   404  tim.o(i.HAL_TIM_Base_MspInit)
    HAL_TIM_Base_Start_IT                    0x08004115   Thumb Code    30  stm32f4xx_hal_tim.o(i.HAL_TIM_Base_Start_IT)
    HAL_TIM_ConfigClockSource                0x08004133   Thumb Code   306  stm32f4xx_hal_tim.o(i.HAL_TIM_ConfigClockSource)
    HAL_TIM_IC_CaptureCallback               0x08004265   Thumb Code     2  stm32f4xx_hal_tim.o(i.HAL_TIM_IC_CaptureCallback)
    HAL_TIM_IRQHandler                       0x08004267   Thumb Code   406  stm32f4xx_hal_tim.o(i.HAL_TIM_IRQHandler)
    HAL_TIM_MspPostInit                      0x080043fd   Thumb Code   180  tim.o(i.HAL_TIM_MspPostInit)
    HAL_TIM_OC_ConfigChannel                 0x080044c9   Thumb Code   116  stm32f4xx_hal_tim.o(i.HAL_TIM_OC_ConfigChannel)
    HAL_TIM_OC_DelayElapsedCallback          0x0800453d   Thumb Code     2  stm32f4xx_hal_tim.o(i.HAL_TIM_OC_DelayElapsedCallback)
    HAL_TIM_OC_Start                         0x08004541   Thumb Code    68  stm32f4xx_hal_tim.o(i.HAL_TIM_OC_Start)
    HAL_TIM_PWM_ConfigChannel                0x0800458d   Thumb Code   264  stm32f4xx_hal_tim.o(i.HAL_TIM_PWM_ConfigChannel)
    HAL_TIM_PWM_Init                         0x08004695   Thumb Code    52  stm32f4xx_hal_tim.o(i.HAL_TIM_PWM_Init)
    HAL_TIM_PWM_MspInit                      0x080046c9   Thumb Code    44  tim.o(i.HAL_TIM_PWM_MspInit)
    HAL_TIM_PWM_PulseFinishedCallback        0x080046fd   Thumb Code     2  stm32f4xx_hal_tim.o(i.HAL_TIM_PWM_PulseFinishedCallback)
    HAL_TIM_PWM_Start                        0x08004701   Thumb Code    68  stm32f4xx_hal_tim.o(i.HAL_TIM_PWM_Start)
    HAL_TIM_PeriodElapsedCallback            0x0800474d   Thumb Code   392  tim_callback.o(i.HAL_TIM_PeriodElapsedCallback)
    HAL_TIM_TriggerCallback                  0x0800492d   Thumb Code     2  stm32f4xx_hal_tim.o(i.HAL_TIM_TriggerCallback)
    HAL_UART_ErrorCallback                   0x0800492f   Thumb Code     2  stm32f4xx_hal_uart.o(i.HAL_UART_ErrorCallback)
    HAL_UART_IRQHandler                      0x08004931   Thumb Code   326  stm32f4xx_hal_uart.o(i.HAL_UART_IRQHandler)
    HAL_UART_MspInit                         0x08004a7d   Thumb Code   450  usart.o(i.HAL_UART_MspInit)
    HAL_UART_Receive_DMA                     0x08004c6d   Thumb Code   154  stm32f4xx_hal_uart.o(i.HAL_UART_Receive_DMA)
    HAL_UART_RxCpltCallback                  0x08004d15   Thumb Code   164  usart_callback.o(i.HAL_UART_RxCpltCallback)
    HAL_UART_RxHalfCpltCallback              0x08004e01   Thumb Code     2  stm32f4xx_hal_uart.o(i.HAL_UART_RxHalfCpltCallback)
    HAL_UART_TxCpltCallback                  0x08004e03   Thumb Code     2  stm32f4xx_hal_uart.o(i.HAL_UART_TxCpltCallback)
    HWT901DataProcess                        0x08004e05   Thumb Code   710  hwt901b.o(i.HWT901DataProcess)
    HardFault_Handler                        0x080050e9   Thumb Code     4  stm32f4xx_it.o(i.HardFault_Handler)
    IMU_Get_Data                             0x080050ed   Thumb Code   712  m_imu.o(i.IMU_Get_Data)
    InitRoboData                             0x080053d9   Thumb Code   132  robodata.o(i.InitRoboData)
    MPU6500_Init                             0x08005491   Thumb Code   184  m_imu.o(i.MPU6500_Init)
    MPU6500_Read_Reg                         0x08005575   Thumb Code    68  m_imu.o(i.MPU6500_Read_Reg)
    MPU6500_Read_Regs                        0x080055c9   Thumb Code    80  m_imu.o(i.MPU6500_Read_Regs)
    MPU6500_Write_Reg                        0x0800562d   Thumb Code    72  m_imu.o(i.MPU6500_Write_Reg)
    MX_CAN1_Init                             0x08005685   Thumb Code    60  can.o(i.MX_CAN1_Init)
    MX_CAN2_Init                             0x080056c9   Thumb Code    60  can.o(i.MX_CAN2_Init)
    MX_GPIO_Init                             0x0800570d   Thumb Code   514  gpio.o(i.MX_GPIO_Init)
    MX_SPI5_Init                             0x08005935   Thumb Code    60  spi.o(i.MX_SPI5_Init)
    MX_TIM1_Init                             0x08005979   Thumb Code   216  tim.o(i.MX_TIM1_Init)
    MX_USART1_UART_Init                      0x08005a59   Thumb Code    52  usart.o(i.MX_USART1_UART_Init)
    MX_USART2_UART_Init                      0x08005a99   Thumb Code    50  usart.o(i.MX_USART2_UART_Init)
    MX_USART3_UART_Init                      0x08005ad5   Thumb Code    50  usart.o(i.MX_USART3_UART_Init)
    MX_USART6_UART_Init                      0x08005b11   Thumb Code    50  usart.o(i.MX_USART6_UART_Init)
    MX_USART7_UART_Init                      0x08005b4d   Thumb Code    50  usart.o(i.MX_USART7_UART_Init)
    MX_USART8_UART_Init                      0x08005b89   Thumb Code    50  usart.o(i.MX_USART8_UART_Init)
    MYDMA_Config                             0x08005bc5   Thumb Code   478  dma.o(i.MYDMA_Config)
    MemManage_Handler                        0x08005de5   Thumb Code     4  stm32f4xx_it.o(i.MemManage_Handler)
    MonitorParaInit                          0x08005de9   Thumb Code    42  t_monitor.o(i.MonitorParaInit)
    MotoParaInit                             0x08005e2d   Thumb Code    50  m_moto.o(i.MotoParaInit)
    NMI_Handler                              0x08005e69   Thumb Code     2  stm32f4xx_it.o(i.NMI_Handler)
    OTG_FS_IRQHandler                        0x08005ea5   Thumb Code    10  stm32f4xx_it.o(i.OTG_FS_IRQHandler)
    PendSV_Handler                           0x08005f57   Thumb Code     2  stm32f4xx_it.o(i.PendSV_Handler)
    PidCalc                                  0x08005f59   Thumb Code   908  pid.o(i.PidCalc)
    PidParaInit                              0x080062ed   Thumb Code    32  pid.o(i.PidParaInit)
    PidSet_all                               0x08006321   Thumb Code   216  pid.o(i.PidSet_all)
    PidSet_errband                           0x080063f9   Thumb Code    98  pid.o(i.PidSet_errband)
    PidSet_limit                             0x0800645b   Thumb Code   102  pid.o(i.PidSet_limit)
    PidSet_pidf                              0x080064c1   Thumb Code    18  pid.o(i.PidSet_pidf)
    Pitch_Init                               0x080064d5   Thumb Code    44  tripod.o(i.Pitch_Init)
    Pitch_SetAngle                           0x08006511   Thumb Code   202  tripod.o(i.Pitch_SetAngle)
    RCDataParaInit                           0x080065e5   Thumb Code    54  m_remote.o(i.RCDataParaInit)
    RCReadKey                                0x0800661b   Thumb Code   184  m_remote.o(i.RCReadKey)
    RemoteDataProcess                        0x080066d3   Thumb Code   478  m_remote.o(i.RemoteDataProcess)
    SVC_Handler                              0x08006983   Thumb Code     2  stm32f4xx_it.o(i.SVC_Handler)
    SetMotoCurrent                           0x08006985   Thumb Code    94  m_moto.o(i.SetMotoCurrent)
    SetRoboControlMode                       0x080069e3   Thumb Code    92  robodata.o(i.SetRoboControlMode)
    Strike_fun                               0x08006a41   Thumb Code   354  strike.o(i.Strike_fun)
    SysTick_Handler                          0x08006be5   Thumb Code    12  stm32f4xx_it.o(i.SysTick_Handler)
    SystemClock_Config                       0x08006bf1   Thumb Code   188  main.o(i.SystemClock_Config)
    SystemInit                               0x08006cb5   Thumb Code    82  system_stm32f4xx.o(i.SystemInit)
    TIM2_IRQHandler                          0x08006d19   Thumb Code    10  tim.o(i.TIM2_IRQHandler)
    TIM2_Init                                0x08006d29   Thumb Code    34  tim.o(i.TIM2_Init)
    TIM3_IRQHandler                          0x08006d51   Thumb Code    10  tim.o(i.TIM3_IRQHandler)
    TIM3_Init                                0x08006d61   Thumb Code    78  tim.o(i.TIM3_Init)
    TIM4_IRQHandler                          0x08006db9   Thumb Code    10  tim.o(i.TIM4_IRQHandler)
    TIM5_IRQHandler                          0x08006dc9   Thumb Code    10  tim.o(i.TIM5_IRQHandler)
    TIM5_Init                                0x08006dd9   Thumb Code    32  tim.o(i.TIM5_Init)
    TIM_Base_SetConfig                       0x08006e01   Thumb Code   184  stm32f4xx_hal_tim.o(i.TIM_Base_SetConfig)
    TIM_CCxChannelCmd                        0x08006ee5   Thumb Code    28  stm32f4xx_hal_tim.o(i.TIM_CCxChannelCmd)
    TIM_OC2_SetConfig                        0x08006f9d   Thumb Code   112  stm32f4xx_hal_tim.o(i.TIM_OC2_SetConfig)
    TX2DataParaInit                          0x08007145   Thumb Code    18  tx2_protocol.o(i.TX2DataParaInit)
    TX2_DataProcess                          0x08007159   Thumb Code   242  tx2_protocol.o(i.TX2_DataProcess)
    Tripod_Fun                               0x08007255   Thumb Code   450  tripod.o(i.Tripod_Fun)
    Tripod_Init                              0x08007435   Thumb Code    32  tripod.o(i.Tripod_Init)
    USART1_IRQHandler                        0x080079d1   Thumb Code    16  usart.o(i.USART1_IRQHandler)
    USBD_ClrClassConfig                      0x080079e5   Thumb Code    22  usbd_core.o(i.USBD_ClrClassConfig)
    USBD_CtlContinueRx                       0x08007a3f   Thumb Code    24  usbd_ioreq.o(i.USBD_CtlContinueRx)
    USBD_CtlContinueSendData                 0x08007a57   Thumb Code    24  usbd_ioreq.o(i.USBD_CtlContinueSendData)
    USBD_CtlError                            0x08007a6f   Thumb Code    24  usbd_ctlreq.o(i.USBD_CtlError)
    USBD_CtlReceiveStatus                    0x08007a87   Thumb Code    26  usbd_ioreq.o(i.USBD_CtlReceiveStatus)
    USBD_CtlSendData                         0x08007aa1   Thumb Code    34  usbd_ioreq.o(i.USBD_CtlSendData)
    USBD_CtlSendStatus                       0x08007ac3   Thumb Code    26  usbd_ioreq.o(i.USBD_CtlSendStatus)
    USBD_LL_ClearStallEP                     0x08007cb9   Thumb Code    20  usbd_conf.o(i.USBD_LL_ClearStallEP)
    USBD_LL_DataInStage                      0x08007ccd   Thumb Code   218  usbd_core.o(i.USBD_LL_DataInStage)
    USBD_LL_DataOutStage                     0x08007da7   Thumb Code   134  usbd_core.o(i.USBD_LL_DataOutStage)
    USBD_LL_DevConnected                     0x08007e2d   Thumb Code     6  usbd_core.o(i.USBD_LL_DevConnected)
    USBD_LL_DevDisconnected                  0x08007e33   Thumb Code    26  usbd_core.o(i.USBD_LL_DevDisconnected)
    USBD_LL_IsStallEP                        0x08007e4d   Thumb Code    56  usbd_conf.o(i.USBD_LL_IsStallEP)
    USBD_LL_IsoINIncomplete                  0x08007e85   Thumb Code     6  usbd_core.o(i.USBD_LL_IsoINIncomplete)
    USBD_LL_IsoOUTIncomplete                 0x08007e8b   Thumb Code     6  usbd_core.o(i.USBD_LL_IsoOUTIncomplete)
    USBD_LL_OpenEP                           0x08007e91   Thumb Code    32  usbd_conf.o(i.USBD_LL_OpenEP)
    USBD_LL_PrepareReceive                   0x08007eb1   Thumb Code    32  usbd_conf.o(i.USBD_LL_PrepareReceive)
    USBD_LL_Reset                            0x08007ed1   Thumb Code    68  usbd_core.o(i.USBD_LL_Reset)
    USBD_LL_Resume                           0x08007f15   Thumb Code    14  usbd_core.o(i.USBD_LL_Resume)
    USBD_LL_SOF                              0x08007f23   Thumb Code    34  usbd_core.o(i.USBD_LL_SOF)
    USBD_LL_SetSpeed                         0x08007f45   Thumb Code     8  usbd_core.o(i.USBD_LL_SetSpeed)
    USBD_LL_SetUSBAddress                    0x08007f4d   Thumb Code    20  usbd_conf.o(i.USBD_LL_SetUSBAddress)
    USBD_LL_SetupStage                       0x08007f61   Thumb Code   110  usbd_core.o(i.USBD_LL_SetupStage)
    USBD_LL_StallEP                          0x08007fcf   Thumb Code    20  usbd_conf.o(i.USBD_LL_StallEP)
    USBD_LL_Suspend                          0x08007fe3   Thumb Code    20  usbd_core.o(i.USBD_LL_Suspend)
    USBD_LL_Transmit                         0x08007ff7   Thumb Code    32  usbd_conf.o(i.USBD_LL_Transmit)
    USBD_ParseSetupRequest                   0x08008017   Thumb Code    40  usbd_ctlreq.o(i.USBD_ParseSetupRequest)
    USBD_RunTestMode                         0x0800803f   Thumb Code     6  usbd_core.o(i.USBD_RunTestMode)
    USBD_SetClassConfig                      0x08008099   Thumb Code    34  usbd_core.o(i.USBD_SetClassConfig)
    USBD_StdDevReq                           0x080081c1   Thumb Code   114  usbd_ctlreq.o(i.USBD_StdDevReq)
    USBD_StdEPReq                            0x08008233   Thumb Code   342  usbd_ctlreq.o(i.USBD_StdEPReq)
    USBD_StdItfReq                           0x08008389   Thumb Code    74  usbd_ctlreq.o(i.USBD_StdItfReq)
    USB_ActivateEndpoint                     0x080083d5   Thumb Code   192  stm32f4xx_ll_usb.o(i.USB_ActivateEndpoint)
    USB_ActivateSetup                        0x08008499   Thumb Code    68  stm32f4xx_ll_usb.o(i.USB_ActivateSetup)
    USB_EP0StartXfer                         0x080084dd   Thumb Code   426  stm32f4xx_ll_usb.o(i.USB_EP0StartXfer)
    USB_EP0_OutStart                         0x0800868d   Thumb Code    68  stm32f4xx_ll_usb.o(i.USB_EP0_OutStart)
    USB_EPClearStall                         0x080086d1   Thumb Code   136  stm32f4xx_ll_usb.o(i.USB_EPClearStall)
    USB_EPSetStall                           0x08008759   Thumb Code   140  stm32f4xx_ll_usb.o(i.USB_EPSetStall)
    USB_EPStartXfer                          0x080087e5   Thumb Code   714  stm32f4xx_ll_usb.o(i.USB_EPStartXfer)
    USB_FlushTxFifo                          0x08008ab5   Thumb Code    44  stm32f4xx_ll_usb.o(i.USB_FlushTxFifo)
    USB_GetDevSpeed                          0x08008ae5   Thumb Code    68  stm32f4xx_ll_usb.o(i.USB_GetDevSpeed)
    USB_GetMode                              0x08008b29   Thumb Code    10  stm32f4xx_ll_usb.o(i.USB_GetMode)
    USB_ReadDevAllInEpInterrupt              0x08008b33   Thumb Code    18  stm32f4xx_ll_usb.o(i.USB_ReadDevAllInEpInterrupt)
    USB_ReadDevAllOutEpInterrupt             0x08008b45   Thumb Code    18  stm32f4xx_ll_usb.o(i.USB_ReadDevAllOutEpInterrupt)
    USB_ReadDevInEPInterrupt                 0x08008b57   Thumb Code    44  stm32f4xx_ll_usb.o(i.USB_ReadDevInEPInterrupt)
    USB_ReadDevOutEPInterrupt                0x08008b83   Thumb Code    22  stm32f4xx_ll_usb.o(i.USB_ReadDevOutEPInterrupt)
    USB_ReadInterrupts                       0x08008b99   Thumb Code    12  stm32f4xx_ll_usb.o(i.USB_ReadInterrupts)
    USB_ReadPacket                           0x08008ba5   Thumb Code    34  stm32f4xx_ll_usb.o(i.USB_ReadPacket)
    USB_SetDevAddress                        0x08008bc7   Thumb Code    36  stm32f4xx_ll_usb.o(i.USB_SetDevAddress)
    USB_WritePacket                          0x08008beb   Thumb Code    48  stm32f4xx_ll_usb.o(i.USB_WritePacket)
    UsageFault_Handler                       0x08008c1b   Thumb Code     4  stm32f4xx_it.o(i.UsageFault_Handler)
    Verify_CRC16_Check_Sum                   0x08008c21   Thumb Code    60  dji_protocol.o(i.Verify_CRC16_Check_Sum)
    Verify_CRC8_Check_Sum                    0x08008c61   Thumb Code    46  dji_protocol.o(i.Verify_CRC8_Check_Sum)
    Yaw_Init                                 0x08008c91   Thumb Code    44  tripod.o(i.Yaw_Init)
    Yaw_SetAngle                             0x08008ccd   Thumb Code   266  tripod.o(i.Yaw_SetAngle)
    __ARM_fpclassify                         0x08008de5   Thumb Code    48  fpclassify.o(i.__ARM_fpclassify)
    __hardfp_asin                            0x08008e19   Thumb Code   770  asin.o(i.__hardfp_asin)
    __hardfp_fabs                            0x08009179   Thumb Code    20  fabs.o(i.__hardfp_fabs)
    __hardfp_sqrt                            0x0800918d   Thumb Code   122  sqrt.o(i.__hardfp_sqrt)
    __kernel_poly                            0x08009207   Thumb Code   248  poly.o(i.__kernel_poly)
    __mathlib_dbl_infnan                     0x080092ff   Thumb Code    20  dunder.o(i.__mathlib_dbl_infnan)
    __mathlib_dbl_invalid                    0x08009319   Thumb Code    24  dunder.o(i.__mathlib_dbl_invalid)
    __mathlib_dbl_underflow                  0x08009339   Thumb Code    24  dunder.o(i.__mathlib_dbl_underflow)
    __scatterload_copy                       0x08009359   Thumb Code    14  handlers.o(i.__scatterload_copy)
    __scatterload_null                       0x08009367   Thumb Code     2  handlers.o(i.__scatterload_null)
    __scatterload_zeroinit                   0x08009369   Thumb Code    14  handlers.o(i.__scatterload_zeroinit)
    __set_errno                              0x08009379   Thumb Code     6  errno.o(i.__set_errno)
    all_bsp_init                             0x08009385   Thumb Code   368  main.o(i.all_bsp_init)
    all_pid_init                             0x08009565   Thumb Code   310  main.o(i.all_pid_init)
    dji_DataProcess                          0x080096f5   Thumb Code   352  dji_protocol.o(i.dji_DataProcess)
    fabs                                     0x08009855   Thumb Code    24  fabs.o(i.fabs)
    little_strike_fun                        0x0800986d   Thumb Code   276  strike.o(i.little_strike_fun)
    main                                     0x080099ad   Thumb Code    74  main.o(i.main)
    monitor_can_power_process                0x08009a01   Thumb Code    46  t_monitor.o(i.monitor_can_power_process)
    monitor_remote_process                   0x08009a39   Thumb Code    34  t_monitor.o(i.monitor_remote_process)
    monitor_tx2_process                      0x08009a61   Thumb Code    24  t_monitor.o(i.monitor_tx2_process)
    pwm_init                                 0x08009a79   Thumb Code    36  pwm.o(i.pwm_init)
    sqrt                                     0x08009aa1   Thumb Code   110  sqrt.o(i.sqrt)
    uart_receive_handler                     0x08009b0f   Thumb Code    96  idle_interrupt.o(i.uart_receive_handler)
    uart_rx_idle_callback                    0x08009b6f   Thumb Code     2  idle_interrupt.o(i.uart_rx_idle_callback)
    APBAHBPrescTable                         0x08009b70   Data          16  stm32f4xx_hal_rcc.o(.constdata)
    CRC8_INIT                                0x08009b9c   Data           1  dji_protocol.o(.constdata)
    CRC8_TAB                                 0x08009b9d   Data         256  dji_protocol.o(.constdata)
    wCRC_Table                               0x08009c9e   Data         512  dji_protocol.o(.constdata)
    Region$$Table$$Base                      0x08009ef0   Number         0  anon$$obj.o(Region$$Table)
    Region$$Table$$Limit                     0x08009f10   Number         0  anon$$obj.o(Region$$Table)
    uwTick                                   0x20000000   Data           4  stm32f4xx_hal.o(.data)
    SystemCoreClock                          0x20000008   Data           4  system_stm32f4xx.o(.data)
    RoboData                                 0x2000000c   Data         136  robodata.o(.data)
    time_piece                               0x20000094   Data           4  tim_callback.o(.data)
    friction_set_speed_debug                 0x20000098   Data           4  tim_callback.o(.data)
    ctrl_spd_test                            0x2000009c   Data           4  tim_callback.o(.data)
    ammo_spd_test                            0x200000a0   Data           4  tim_callback.o(.data)
    Tripod                                   0x200000a4   Data         148  tripod.o(.data)
    pitch_text_angle                         0x20000138   Data           4  tripod.o(.data)
    speedst                                  0x20000144   Data           2  strike.o(.data)
    mocalun_dengdaishijian                   0x20000148   Data           4  strike.o(.data)
    mocalun_dengdaishijian_flag              0x2000014c   Data           4  strike.o(.data)
    friction_state_last                      0x20000150   Data           4  strike.o(.data)
    mocalun_qidong_pending                   0x20000154   Data           4  strike.o(.data)
    mocalun_qidong_pending_flag              0x20000158   Data           1  strike.o(.data)
    last_timccr                              0x2000015c   Data           4  strike.o(.data)
    Bodan_Help_Flag                          0x20000160   Data           1  strike.o(.data)
    qiangxingqidong                          0x20000161   Data           1  strike.o(.data)
    yanshi_flag                              0x20000162   Data           1  strike.o(.data)
    yanshi                                   0x20000164   Data           4  strike.o(.data)
    Bodan_Help                               0x20000168   Data           4  strike.o(.data)
    set_TGspeed                              0x2000016c   Data           4  strike.o(.data)
    aaatest                                  0x20000170   Data           4  strike.o(.data)
    little_order                             0x20000174   Data           1  strike.o(.data)
    friction_state                           0x20000175   Data           1  strike.o(.data)
    TGspeed                                  0x20000178   Data           4  strike.o(.data)
    shoot_monitor                            0x2000017c   Data           4  strike.o(.data)
    shoot_flag                               0x20000180   Data           1  strike.o(.data)
    shoot_pending                            0x20000184   Data           4  strike.o(.data)
    bottom_cnt                               0x20000192   Data           2  gpio_callback.o(.data)
    MPU_id                                   0x20000194   Data           1  m_imu.o(.data)
    still_counter                            0x20000196   Data           2  m_imu.o(.data)
    variance_sum                             0x20000198   Data           4  m_imu.o(.data)
    CRC16_INIT                               0x200001b4   Data           2  dji_protocol.o(.data)
    Preheat17                                0x200001b6   Data           2  dji_protocol.o(.data)
    monitor_remote                           0x200001c0   Data          20  t_monitor.o(.bss)
    monitor_tx2                              0x200001d4   Data          20  t_monitor.o(.bss)
    monitor_can_power                        0x200001e8   Data          20  t_monitor.o(.bss)
    Ammunition_MOTO                          0x200001fc   Data         384  m_moto.o(.bss)
    Pitch_MOTO                               0x2000037c   Data         384  m_moto.o(.bss)
    Yaw_MOTO                                 0x200004fc   Data         384  m_moto.o(.bss)
    imu_data                                 0x2000067c   Data         216  m_imu.o(.bss)
    imu_data_offest                          0x20000754   Data         216  m_imu.o(.bss)
    pitch_history                            0x2000082c   Data         120  m_imu.o(.bss)
    yaw_history                              0x200008a4   Data         120  m_imu.o(.bss)
    roll_history                             0x2000091c   Data         120  m_imu.o(.bss)
    average                                  0x20000994   Data          12  m_imu.o(.bss)
    ANGLE                                    0x200009a0   Data          40  hwt901b.o(.bss)
    RC_CtrlData                              0x200009c8   Data          56  m_remote.o(.bss)
    tx2_ReadData                             0x20000a00   Data          12  tx2_protocol.o(.bss)
    DJI_ReadData                             0x20000a0c   Data          98  dji_protocol.o(.bss)
    Frame                                    0x20000a6e   Data          25  dji_protocol.o(.bss)
    FrameAllMessage                          0x20000a87   Data          28  dji_protocol.o(.bss)
    hcan1                                    0x20000aa4   Data          64  can.o(.bss)
    hcan2                                    0x20000ae4   Data          64  can.o(.bss)
    hdma_usart1_rx                           0x20000ba4   Data          96  dma.o(.bss)
    hdma_usart2_rx                           0x20000c04   Data          96  dma.o(.bss)
    hdma_usart3_rx                           0x20000c64   Data          96  dma.o(.bss)
    hdma_usart3_tx                           0x20000cc4   Data          96  dma.o(.bss)
    hdma_usart6_rx                           0x20000d24   Data          96  dma.o(.bss)
    hdma_usart6_tx                           0x20000d84   Data          96  dma.o(.bss)
    hdma_usart7_rx                           0x20000de4   Data          96  dma.o(.bss)
    hdma_usart8_rx                           0x20000e44   Data          96  dma.o(.bss)
    htim1                                    0x20000ea4   Data          60  tim.o(.bss)
    htim2                                    0x20000ee0   Data          60  tim.o(.bss)
    htim3                                    0x20000f1c   Data          60  tim.o(.bss)
    htim4                                    0x20000f58   Data          60  tim.o(.bss)
    htim5                                    0x20000f94   Data          60  tim.o(.bss)
    htim8                                    0x20000fd0   Data          60  tim.o(.bss)
    huart1                                   0x2000100c   Data          64  usart.o(.bss)
    huart2                                   0x2000104c   Data          64  usart.o(.bss)
    huart3                                   0x2000108c   Data          64  usart.o(.bss)
    huart6                                   0x200010cc   Data          64  usart.o(.bss)
    huart7                                   0x2000110c   Data          64  usart.o(.bss)
    huart8                                   0x2000114c   Data          64  usart.o(.bss)
    uart1_rx_buff                            0x2000118c   Data          36  usart.o(.bss)
    uart2_rx_buff                            0x200011b0   Data          62  usart.o(.bss)
    uart3_rx_buff                            0x200011ee   Data          18  usart.o(.bss)
    uart6_rx_buff                            0x20001200   Data          62  usart.o(.bss)
    uart7_rx_buff                            0x2000123e   Data          28  usart.o(.bss)
    uart8_rx_buff                            0x2000125a   Data          62  usart.o(.bss)
    uart6_tx_buff                            0x20001298   Data          24  usart.o(.bss)
    hpcd_USB_OTG_FS                          0x200012b0   Data         952  usbd_conf.o(.bss)
    hspi5                                    0x20001668   Data          88  spi.o(.bss)
    __initial_sp                             0x20001ac0   Data           0  startup_stm32f427xx.o(STACK)



==============================================================================

Memory Map of the image

  Image Entry point : 0x080001ad

  Load Region LR_IROM1 (Base: 0x08000000, Size: 0x0000a0d0, Max: 0x00200000, ABSOLUTE, COMPRESSED[0x00009f40])

    Execution Region ER_IROM1 (Exec base: 0x08000000, Load base: 0x08000000, Size: 0x00009f10, Max: 0x00200000, ABSOLUTE)

    Exec Addr    Load Addr    Size         Type   Attr      Idx    E Section Name        Object

    0x08000000   0x08000000   0x000001ac   Data   RO            3    RESET               startup_stm32f427xx.o
    0x080001ac   0x080001ac   0x00000000   Code   RO         6125  * .ARM.Collect$$$$00000000  mc_w.l(entry.o)
    0x080001ac   0x080001ac   0x00000004   Code   RO         6210    .ARM.Collect$$$$00000001  mc_w.l(entry2.o)
    0x080001b0   0x080001b0   0x00000004   Code   RO         6213    .ARM.Collect$$$$00000004  mc_w.l(entry5.o)
    0x080001b4   0x080001b4   0x00000000   Code   RO         6215    .ARM.Collect$$$$00000008  mc_w.l(entry7b.o)
    0x080001b4   0x080001b4   0x00000000   Code   RO         6217    .ARM.Collect$$$$0000000A  mc_w.l(entry8b.o)
    0x080001b4   0x080001b4   0x00000008   Code   RO         6218    .ARM.Collect$$$$0000000B  mc_w.l(entry9a.o)
    0x080001bc   0x080001bc   0x00000000   Code   RO         6220    .ARM.Collect$$$$0000000D  mc_w.l(entry10a.o)
    0x080001bc   0x080001bc   0x00000000   Code   RO         6222    .ARM.Collect$$$$0000000F  mc_w.l(entry11a.o)
    0x080001bc   0x080001bc   0x00000004   Code   RO         6211    .ARM.Collect$$$$00002712  mc_w.l(entry2.o)
    0x080001c0   0x080001c0   0x00000024   Code   RO            4    .text               startup_stm32f427xx.o
    0x080001e4   0x080001e4   0x00000024   Code   RO         6128    .text               mc_w.l(memcpya.o)
    0x08000208   0x08000208   0x00000024   Code   RO         6130    .text               mc_w.l(memseta.o)
    0x0800022c   0x0800022c   0x0000014e   Code   RO         6162    .text               mf_w.l(dadd.o)
    0x0800037a   0x0800037a   0x000000e4   Code   RO         6164    .text               mf_w.l(dmul.o)
    0x0800045e   0x0800045e   0x000000de   Code   RO         6166    .text               mf_w.l(ddiv.o)
    0x0800053c   0x0800053c   0x0000001a   Code   RO         6168    .text               mf_w.l(dfltui.o)
    0x08000556   0x08000556   0x00000026   Code   RO         6170    .text               mf_w.l(f2d.o)
    0x0800057c   0x0800057c   0x00000030   Code   RO         6172    .text               mf_w.l(cdcmple.o)
    0x080005ac   0x080005ac   0x00000030   Code   RO         6174    .text               mf_w.l(cdrcmple.o)
    0x080005dc   0x080005dc   0x00000038   Code   RO         6176    .text               mf_w.l(d2f.o)
    0x08000614   0x08000614   0x0000001e   Code   RO         6224    .text               mc_w.l(llshl.o)
    0x08000632   0x08000632   0x00000024   Code   RO         6226    .text               mc_w.l(llsshr.o)
    0x08000656   0x08000656   0x00000000   Code   RO         6237    .text               mc_w.l(iusefp.o)
    0x08000656   0x08000656   0x0000006e   Code   RO         6238    .text               mf_w.l(fepilogue.o)
    0x080006c4   0x080006c4   0x000000ba   Code   RO         6240    .text               mf_w.l(depilogue.o)
    0x0800077e   0x0800077e   0x000000a2   Code   RO         6244    .text               mf_w.l(dsqrt.o)
    0x08000820   0x08000820   0x00000024   Code   RO         6246    .text               mc_w.l(init.o)
    0x08000844   0x08000844   0x00000020   Code   RO         6248    .text               mc_w.l(llushr.o)
    0x08000864   0x08000864   0x0000003a   Code   RO         6262    .text               mc_w.l(__dczerorl.o)
    0x0800089e   0x0800089e   0x0000002e   Code   RO         4795    i.ABSLimit          pid.o
    0x080008cc   0x080008cc   0x00000200   Code   RO         4903    i.AutoOffset        m_imu.o
    0x08000acc   0x08000acc   0x00000004   Code   RO         4582    i.BusFault_Handler  stm32f4xx_it.o
    0x08000ad0   0x08000ad0   0x00000010   Code   RO         4583    i.CAN1_RX0_IRQHandler  stm32f4xx_it.o
    0x08000ae0   0x08000ae0   0x00000010   Code   RO         4584    i.CAN1_TX_IRQHandler  stm32f4xx_it.o
    0x08000af0   0x08000af0   0x00000010   Code   RO         4585    i.CAN2_RX0_IRQHandler  stm32f4xx_it.o
    0x08000b00   0x08000b00   0x00000010   Code   RO         4586    i.CAN2_TX_IRQHandler  stm32f4xx_it.o
    0x08000b10   0x08000b10   0x00000068   Code   RO         5307    i.CAN_Filter_Init_Recv_All  can.o
    0x08000b78   0x08000b78   0x000001ac   Code   RO          699    i.CAN_Receive_IT    stm32f4xx_hal_can.o
    0x08000d24   0x08000d24   0x00000074   Code   RO          700    i.CAN_Transmit_IT   stm32f4xx_hal_can.o
    0x08000d98   0x08000d98   0x00000010   Code   RO         5362    i.DMA1_Stream1_IRQHandler  dma.o
    0x08000da8   0x08000da8   0x00000010   Code   RO         5363    i.DMA1_Stream3_IRQHandler  dma.o
    0x08000db8   0x08000db8   0x00000010   Code   RO         5364    i.DMA1_Stream5_IRQHandler  dma.o
    0x08000dc8   0x08000dc8   0x00000010   Code   RO         5365    i.DMA1_Stream6_IRQHandler  dma.o
    0x08000dd8   0x08000dd8   0x00000010   Code   RO         5366    i.DMA2_Stream1_IRQHandler  dma.o
    0x08000de8   0x08000de8   0x00000010   Code   RO         5367    i.DMA2_Stream2_IRQHandler  dma.o
    0x08000df8   0x08000df8   0x00000034   Code   RO         1108    i.DMA_CalcBaseAndBitshift  stm32f4xx_hal_dma.o
    0x08000e2c   0x08000e2c   0x000000ba   Code   RO         1109    i.DMA_CheckFifoParam  stm32f4xx_hal_dma.o
    0x08000ee6   0x08000ee6   0x0000002c   Code   RO         1110    i.DMA_SetConfig     stm32f4xx_hal_dma.o
    0x08000f12   0x08000f12   0x00000002   Code   RO         4587    i.DebugMon_Handler  stm32f4xx_it.o
    0x08000f14   0x08000f14   0x0000000a   Code   RO         4588    i.EXTI0_IRQHandler  stm32f4xx_it.o
    0x08000f1e   0x08000f1e   0x0000000a   Code   RO         4589    i.EXTI2_IRQHandler  stm32f4xx_it.o
    0x08000f28   0x08000f28   0x00000028   Code   RO         5053    i.EncoderParaInit   moto_encoder.o
    0x08000f50   0x08000f50   0x00000004   Code   RO         3780    i.Error_Handler     main.o
    0x08000f54   0x08000f54   0x000000ac   Code   RO         4052    i.GenerallySetTripodAngle  robodata.o
    0x08001000   0x08001000   0x00000038   Code   RO         4904    i.GetAverage        m_imu.o
    0x08001038   0x08001038   0x0000021c   Code   RO         5054    i.GetEncoderMeasure  moto_encoder.o
    0x08001254   0x08001254   0x00000028   Code   RO         4309    i.GetIntergralPitch  tripod.o
    0x0800127c   0x0800127c   0x00000028   Code   RO         4310    i.GetIntergralYaw   tripod.o
    0x080012a4   0x080012a4   0x00000110   Code   RO         4311    i.GetPitchAngle100Hz  tripod.o
    0x080013b4   0x080013b4   0x00000040   Code   RO         4053    i.GetRemoteControlData  robodata.o
    0x080013f4   0x080013f4   0x00000068   Code   RO         4905    i.GetVariance       m_imu.o
    0x0800145c   0x0800145c   0x00000110   Code   RO         4312    i.GetYawAngle100Hz  tripod.o
    0x0800156c   0x0800156c   0x00000034   Code   RO         5212    i.Get_CRC16_Check_Sum  dji_protocol.o
    0x080015a0   0x080015a0   0x00000024   Code   RO         5213    i.Get_CRC8_Check_Sum  dji_protocol.o
    0x080015c4   0x080015c4   0x00000120   Code   RO         4906    i.GyroQueue         m_imu.o
    0x080016e4   0x080016e4   0x0000012c   Code   RO          701    i.HAL_CAN_ConfigFilter  stm32f4xx_hal_can.o
    0x08001810   0x08001810   0x00000002   Code   RO          703    i.HAL_CAN_ErrorCallback  stm32f4xx_hal_can.o
    0x08001812   0x08001812   0x00000002   PAD
    0x08001814   0x08001814   0x000001cc   Code   RO          706    i.HAL_CAN_IRQHandler  stm32f4xx_hal_can.o
    0x080019e0   0x080019e0   0x000001c0   Code   RO          707    i.HAL_CAN_Init      stm32f4xx_hal_can.o
    0x08001ba0   0x08001ba0   0x00000134   Code   RO         5309    i.HAL_CAN_MspInit   can.o
    0x08001cd4   0x08001cd4   0x000000ae   Code   RO          711    i.HAL_CAN_Receive_IT  stm32f4xx_hal_can.o
    0x08001d82   0x08001d82   0x00000002   PAD
    0x08001d84   0x08001d84   0x00000160   Code   RO         4700    i.HAL_CAN_RxCpltCallback  can_callback.o
    0x08001ee4   0x08001ee4   0x00000260   Code   RO          714    i.HAL_CAN_Transmit  stm32f4xx_hal_can.o
    0x08002144   0x08002144   0x00000002   Code   RO          716    i.HAL_CAN_TxCpltCallback  stm32f4xx_hal_can.o
    0x08002146   0x08002146   0x00000028   Code   RO         1112    i.HAL_DMA_Abort_IT  stm32f4xx_hal_dma.o
    0x0800216e   0x0800216e   0x00000062   Code   RO         1113    i.HAL_DMA_DeInit    stm32f4xx_hal_dma.o
    0x080021d0   0x080021d0   0x00000248   Code   RO         1116    i.HAL_DMA_IRQHandler  stm32f4xx_hal_dma.o
    0x08002418   0x08002418   0x000000e8   Code   RO         1117    i.HAL_DMA_Init      stm32f4xx_hal_dma.o
    0x08002500   0x08002500   0x0000009e   Code   RO         1121    i.HAL_DMA_Start_IT  stm32f4xx_hal_dma.o
    0x0800259e   0x0800259e   0x0000001a   Code   RO         2545    i.HAL_Delay         stm32f4xx_hal.o
    0x080025b8   0x080025b8   0x00000018   Code   RO         4768    i.HAL_GPIO_EXTI_Callback  gpio_callback.o
    0x080025d0   0x080025d0   0x0000001c   Code   RO         2079    i.HAL_GPIO_EXTI_IRQHandler  stm32f4xx_hal_gpio.o
    0x080025ec   0x080025ec   0x0000021c   Code   RO         2080    i.HAL_GPIO_Init     stm32f4xx_hal_gpio.o
    0x08002808   0x08002808   0x0000000c   Code   RO         2084    i.HAL_GPIO_WritePin  stm32f4xx_hal_gpio.o
    0x08002814   0x08002814   0x0000000c   Code   RO         2553    i.HAL_GetTick       stm32f4xx_hal.o
    0x08002820   0x08002820   0x00000010   Code   RO         2554    i.HAL_IncTick       stm32f4xx_hal.o
    0x08002830   0x08002830   0x0000003c   Code   RO         2555    i.HAL_Init          stm32f4xx_hal.o
    0x0800286c   0x0800286c   0x00000028   Code   RO         2556    i.HAL_InitTick      stm32f4xx_hal.o
    0x08002894   0x08002894   0x00000056   Code   RO         5440    i.HAL_MspInit       stm32f4xx_hal_msp.o
    0x080028ea   0x080028ea   0x0000009a   Code   RO          449    i.HAL_MultiProcessor_Init  stm32f4xx_hal_uart.o
    0x08002984   0x08002984   0x0000001a   Code   RO         3136    i.HAL_NVIC_EnableIRQ  stm32f4xx_hal_cortex.o
    0x0800299e   0x0800299e   0x0000007c   Code   RO         3142    i.HAL_NVIC_SetPriority  stm32f4xx_hal_cortex.o
    0x08002a1a   0x08002a1a   0x00000002   PAD
    0x08002a1c   0x08002a1c   0x00000028   Code   RO         3143    i.HAL_NVIC_SetPriorityGrouping  stm32f4xx_hal_cortex.o
    0x08002a44   0x08002a44   0x0000000e   Code   RO         5747    i.HAL_PCD_ConnectCallback  usbd_conf.o
    0x08002a52   0x08002a52   0x00000020   Code   RO         5748    i.HAL_PCD_DataInStageCallback  usbd_conf.o
    0x08002a72   0x08002a72   0x00000020   Code   RO         5749    i.HAL_PCD_DataOutStageCallback  usbd_conf.o
    0x08002a92   0x08002a92   0x0000000e   Code   RO         5750    i.HAL_PCD_DisconnectCallback  usbd_conf.o
    0x08002aa0   0x08002aa0   0x00000068   Code   RO           23    i.HAL_PCD_EP_ClrStall  stm32f4xx_hal_pcd.o
    0x08002b08   0x08002b08   0x0000008c   Code   RO           26    i.HAL_PCD_EP_Open   stm32f4xx_hal_pcd.o
    0x08002b94   0x08002b94   0x00000078   Code   RO           27    i.HAL_PCD_EP_Receive  stm32f4xx_hal_pcd.o
    0x08002c0c   0x08002c0c   0x0000007a   Code   RO           28    i.HAL_PCD_EP_SetStall  stm32f4xx_hal_pcd.o
    0x08002c86   0x08002c86   0x0000007a   Code   RO           29    i.HAL_PCD_EP_Transmit  stm32f4xx_hal_pcd.o
    0x08002d00   0x08002d00   0x00000694   Code   RO           31    i.HAL_PCD_IRQHandler  stm32f4xx_hal_pcd.o
    0x08003394   0x08003394   0x00000012   Code   RO         5751    i.HAL_PCD_ISOINIncompleteCallback  usbd_conf.o
    0x080033a6   0x080033a6   0x00000012   Code   RO         5752    i.HAL_PCD_ISOOUTIncompleteCallback  usbd_conf.o
    0x080033b8   0x080033b8   0x00000032   Code   RO         5755    i.HAL_PCD_ResetCallback  usbd_conf.o
    0x080033ea   0x080033ea   0x0000000e   Code   RO         5756    i.HAL_PCD_ResumeCallback  usbd_conf.o
    0x080033f8   0x080033f8   0x0000000e   Code   RO         5757    i.HAL_PCD_SOFCallback  usbd_conf.o
    0x08003406   0x08003406   0x00000032   Code   RO           40    i.HAL_PCD_SetAddress  stm32f4xx_hal_pcd.o
    0x08003438   0x08003438   0x00000012   Code   RO         5758    i.HAL_PCD_SetupStageCallback  usbd_conf.o
    0x0800344a   0x0800344a   0x00000002   PAD
    0x0800344c   0x0800344c   0x00000034   Code   RO         5759    i.HAL_PCD_SuspendCallback  usbd_conf.o
    0x08003480   0x08003480   0x000001d0   Code   RO          338    i.HAL_RCC_ClockConfig  stm32f4xx_hal_rcc.o
    0x08003650   0x08003650   0x0000000c   Code   RO          343    i.HAL_RCC_GetHCLKFreq  stm32f4xx_hal_rcc.o
    0x0800365c   0x0800365c   0x0000002c   Code   RO          345    i.HAL_RCC_GetPCLK1Freq  stm32f4xx_hal_rcc.o
    0x08003688   0x08003688   0x0000002c   Code   RO          346    i.HAL_RCC_GetPCLK2Freq  stm32f4xx_hal_rcc.o
    0x080036b4   0x080036b4   0x000000b4   Code   RO          347    i.HAL_RCC_GetSysClockFreq  stm32f4xx_hal_rcc.o
    0x08003768   0x08003768   0x0000039c   Code   RO          350    i.HAL_RCC_OscConfig  stm32f4xx_hal_rcc.o
    0x08003b04   0x08003b04   0x0000008c   Code   RO          837    i.HAL_SPI_Init      stm32f4xx_hal_spi.o
    0x08003b90   0x08003b90   0x0000005c   Code   RO         6004    i.HAL_SPI_MspInit   spi.o
    0x08003bec   0x08003bec   0x0000021e   Code   RO          846    i.HAL_SPI_TransmitReceive  stm32f4xx_hal_spi.o
    0x08003e0a   0x08003e0a   0x00000028   Code   RO         3145    i.HAL_SYSTICK_CLKSourceConfig  stm32f4xx_hal_cortex.o
    0x08003e32   0x08003e32   0x00000002   Code   RO         3146    i.HAL_SYSTICK_Callback  stm32f4xx_hal_cortex.o
    0x08003e34   0x08003e34   0x00000034   Code   RO         3147    i.HAL_SYSTICK_Config  stm32f4xx_hal_cortex.o
    0x08003e68   0x08003e68   0x00000008   Code   RO         3148    i.HAL_SYSTICK_IRQHandler  stm32f4xx_hal_cortex.o
    0x08003e70   0x08003e70   0x00000002   Code   RO         2143    i.HAL_TIMEx_BreakCallback  stm32f4xx_hal_tim_ex.o
    0x08003e72   0x08003e72   0x00000002   Code   RO         2144    i.HAL_TIMEx_CommutationCallback  stm32f4xx_hal_tim_ex.o
    0x08003e74   0x08003e74   0x00000050   Code   RO         2145    i.HAL_TIMEx_ConfigBreakDeadTime  stm32f4xx_hal_tim_ex.o
    0x08003ec4   0x08003ec4   0x00000062   Code   RO         2160    i.HAL_TIMEx_MasterConfigSynchronization  stm32f4xx_hal_tim_ex.o
    0x08003f26   0x08003f26   0x00000034   Code   RO         1288    i.HAL_TIM_Base_Init  stm32f4xx_hal_tim.o
    0x08003f5a   0x08003f5a   0x00000002   PAD
    0x08003f5c   0x08003f5c   0x000001b8   Code   RO         5465    i.HAL_TIM_Base_MspInit  tim.o
    0x08004114   0x08004114   0x0000001e   Code   RO         1293    i.HAL_TIM_Base_Start_IT  stm32f4xx_hal_tim.o
    0x08004132   0x08004132   0x00000132   Code   RO         1297    i.HAL_TIM_ConfigClockSource  stm32f4xx_hal_tim.o
    0x08004264   0x08004264   0x00000002   Code   RO         1317    i.HAL_TIM_IC_CaptureCallback  stm32f4xx_hal_tim.o
    0x08004266   0x08004266   0x00000196   Code   RO         1330    i.HAL_TIM_IRQHandler  stm32f4xx_hal_tim.o
    0x080043fc   0x080043fc   0x000000cc   Code   RO         5466    i.HAL_TIM_MspPostInit  tim.o
    0x080044c8   0x080044c8   0x00000074   Code   RO         1331    i.HAL_TIM_OC_ConfigChannel  stm32f4xx_hal_tim.o
    0x0800453c   0x0800453c   0x00000002   Code   RO         1333    i.HAL_TIM_OC_DelayElapsedCallback  stm32f4xx_hal_tim.o
    0x0800453e   0x0800453e   0x00000002   PAD
    0x08004540   0x08004540   0x0000004c   Code   RO         1338    i.HAL_TIM_OC_Start  stm32f4xx_hal_tim.o
    0x0800458c   0x0800458c   0x00000108   Code   RO         1354    i.HAL_TIM_PWM_ConfigChannel  stm32f4xx_hal_tim.o
    0x08004694   0x08004694   0x00000034   Code   RO         1357    i.HAL_TIM_PWM_Init  stm32f4xx_hal_tim.o
    0x080046c8   0x080046c8   0x00000034   Code   RO         5468    i.HAL_TIM_PWM_MspInit  tim.o
    0x080046fc   0x080046fc   0x00000002   Code   RO         1360    i.HAL_TIM_PWM_PulseFinishedCallback  stm32f4xx_hal_tim.o
    0x080046fe   0x080046fe   0x00000002   PAD
    0x08004700   0x08004700   0x0000004c   Code   RO         1361    i.HAL_TIM_PWM_Start  stm32f4xx_hal_tim.o
    0x0800474c   0x0800474c   0x000001e0   Code   RO         4273    i.HAL_TIM_PeriodElapsedCallback  tim_callback.o
    0x0800492c   0x0800492c   0x00000002   Code   RO         1371    i.HAL_TIM_TriggerCallback  stm32f4xx_hal_tim.o
    0x0800492e   0x0800492e   0x00000002   Code   RO          454    i.HAL_UART_ErrorCallback  stm32f4xx_hal_uart.o
    0x08004930   0x08004930   0x0000014c   Code   RO          457    i.HAL_UART_IRQHandler  stm32f4xx_hal_uart.o
    0x08004a7c   0x08004a7c   0x000001f0   Code   RO         5573    i.HAL_UART_MspInit  usart.o
    0x08004c6c   0x08004c6c   0x000000a8   Code   RO          462    i.HAL_UART_Receive_DMA  stm32f4xx_hal_uart.o
    0x08004d14   0x08004d14   0x000000ec   Code   RO         4728    i.HAL_UART_RxCpltCallback  usart_callback.o
    0x08004e00   0x08004e00   0x00000002   Code   RO          465    i.HAL_UART_RxHalfCpltCallback  stm32f4xx_hal_uart.o
    0x08004e02   0x08004e02   0x00000002   Code   RO          469    i.HAL_UART_TxCpltCallback  stm32f4xx_hal_uart.o
    0x08004e04   0x08004e04   0x000002e4   Code   RO         5022    i.HWT901DataProcess  hwt901b.o
    0x080050e8   0x080050e8   0x00000004   Code   RO         4590    i.HardFault_Handler  stm32f4xx_it.o
    0x080050ec   0x080050ec   0x000002ec   Code   RO         4907    i.IMU_Get_Data      m_imu.o
    0x080053d8   0x080053d8   0x000000b8   Code   RO         4054    i.InitRoboData      robodata.o
    0x08005490   0x08005490   0x000000e4   Code   RO         4911    i.MPU6500_Init      m_imu.o
    0x08005574   0x08005574   0x00000054   Code   RO         4912    i.MPU6500_Read_Reg  m_imu.o
    0x080055c8   0x080055c8   0x00000064   Code   RO         4913    i.MPU6500_Read_Regs  m_imu.o
    0x0800562c   0x0800562c   0x00000058   Code   RO         4916    i.MPU6500_Write_Reg  m_imu.o
    0x08005684   0x08005684   0x00000044   Code   RO         5310    i.MX_CAN1_Init      can.o
    0x080056c8   0x080056c8   0x00000044   Code   RO         5311    i.MX_CAN2_Init      can.o
    0x0800570c   0x0800570c   0x00000228   Code   RO         5283    i.MX_GPIO_Init      gpio.o
    0x08005934   0x08005934   0x00000044   Code   RO         6005    i.MX_SPI5_Init      spi.o
    0x08005978   0x08005978   0x000000e0   Code   RO         5469    i.MX_TIM1_Init      tim.o
    0x08005a58   0x08005a58   0x00000040   Code   RO         5574    i.MX_USART1_UART_Init  usart.o
    0x08005a98   0x08005a98   0x0000003c   Code   RO         5575    i.MX_USART2_UART_Init  usart.o
    0x08005ad4   0x08005ad4   0x0000003c   Code   RO         5576    i.MX_USART3_UART_Init  usart.o
    0x08005b10   0x08005b10   0x0000003c   Code   RO         5577    i.MX_USART6_UART_Init  usart.o
    0x08005b4c   0x08005b4c   0x0000003c   Code   RO         5578    i.MX_USART7_UART_Init  usart.o
    0x08005b88   0x08005b88   0x0000003c   Code   RO         5579    i.MX_USART8_UART_Init  usart.o
    0x08005bc4   0x08005bc4   0x00000220   Code   RO         5368    i.MYDMA_Config      dma.o
    0x08005de4   0x08005de4   0x00000004   Code   RO         4591    i.MemManage_Handler  stm32f4xx_it.o
    0x08005de8   0x08005de8   0x00000044   Code   RO         4482    i.MonitorParaInit   t_monitor.o
    0x08005e2c   0x08005e2c   0x0000003c   Code   RO         4867    i.MotoParaInit      m_moto.o
    0x08005e68   0x08005e68   0x00000002   Code   RO         4592    i.NMI_Handler       stm32f4xx_it.o
    0x08005e6a   0x08005e6a   0x00000002   PAD
    0x08005e6c   0x08005e6c   0x00000010   Code   RO         3149    i.NVIC_GetPriorityGrouping  stm32f4xx_hal_cortex.o
    0x08005e7c   0x08005e7c   0x00000028   Code   RO         3150    i.NVIC_SetPriority  stm32f4xx_hal_cortex.o
    0x08005ea4   0x08005ea4   0x00000010   Code   RO         4593    i.OTG_FS_IRQHandler  stm32f4xx_it.o
    0x08005eb4   0x08005eb4   0x000000a2   Code   RO           45    i.PCD_WriteEmptyTxFifo  stm32f4xx_hal_pcd.o
    0x08005f56   0x08005f56   0x00000002   Code   RO         4594    i.PendSV_Handler    stm32f4xx_it.o
    0x08005f58   0x08005f58   0x00000394   Code   RO         4798    i.PidCalc           pid.o
    0x080062ec   0x080062ec   0x00000034   Code   RO         4799    i.PidParaInit       pid.o
    0x08006320   0x08006320   0x000000d8   Code   RO         4800    i.PidSet_all        pid.o
    0x080063f8   0x080063f8   0x00000062   Code   RO         4801    i.PidSet_errband    pid.o
    0x0800645a   0x0800645a   0x00000066   Code   RO         4802    i.PidSet_limit      pid.o
    0x080064c0   0x080064c0   0x00000012   Code   RO         4803    i.PidSet_pidf       pid.o
    0x080064d2   0x080064d2   0x00000002   PAD
    0x080064d4   0x080064d4   0x0000003c   Code   RO         4313    i.Pitch_Init        tripod.o
    0x08006510   0x08006510   0x000000d4   Code   RO         4314    i.Pitch_SetAngle    tripod.o
    0x080065e4   0x080065e4   0x00000036   Code   RO         5083    i.RCDataParaInit    m_remote.o
    0x0800661a   0x0800661a   0x000000b8   Code   RO         5084    i.RCReadKey         m_remote.o
    0x080066d2   0x080066d2   0x000001de   Code   RO         5085    i.RemoteDataProcess  m_remote.o
    0x080068b0   0x080068b0   0x00000028   Code   RO          859    i.SPI_CheckFlag_BSY  stm32f4xx_hal_spi.o
    0x080068d8   0x080068d8   0x000000aa   Code   RO          875    i.SPI_WaitFlagStateUntilTimeout  stm32f4xx_hal_spi.o
    0x08006982   0x08006982   0x00000002   Code   RO         4595    i.SVC_Handler       stm32f4xx_it.o
    0x08006984   0x08006984   0x0000005e   Code   RO         4868    i.SetMotoCurrent    m_moto.o
    0x080069e2   0x080069e2   0x0000005c   Code   RO         4055    i.SetRoboControlMode  robodata.o
    0x08006a3e   0x08006a3e   0x00000002   PAD
    0x08006a40   0x08006a40   0x000001a4   Code   RO         4405    i.Strike_fun        strike.o
    0x08006be4   0x08006be4   0x0000000c   Code   RO         4596    i.SysTick_Handler   stm32f4xx_it.o
    0x08006bf0   0x08006bf0   0x000000c4   Code   RO         3781    i.SystemClock_Config  main.o
    0x08006cb4   0x08006cb4   0x00000064   Code   RO         3744    i.SystemInit        system_stm32f4xx.o
    0x08006d18   0x08006d18   0x00000010   Code   RO         5470    i.TIM2_IRQHandler   tim.o
    0x08006d28   0x08006d28   0x00000028   Code   RO         5471    i.TIM2_Init         tim.o
    0x08006d50   0x08006d50   0x00000010   Code   RO         5472    i.TIM3_IRQHandler   tim.o
    0x08006d60   0x08006d60   0x00000058   Code   RO         5473    i.TIM3_Init         tim.o
    0x08006db8   0x08006db8   0x00000010   Code   RO         5474    i.TIM4_IRQHandler   tim.o
    0x08006dc8   0x08006dc8   0x00000010   Code   RO         5476    i.TIM5_IRQHandler   tim.o
    0x08006dd8   0x08006dd8   0x00000028   Code   RO         5477    i.TIM5_Init         tim.o
    0x08006e00   0x08006e00   0x000000e4   Code   RO         1372    i.TIM_Base_SetConfig  stm32f4xx_hal_tim.o
    0x08006ee4   0x08006ee4   0x0000001c   Code   RO         1373    i.TIM_CCxChannelCmd  stm32f4xx_hal_tim.o
    0x08006f00   0x08006f00   0x00000018   Code   RO         1379    i.TIM_ETR_SetConfig  stm32f4xx_hal_tim.o
    0x08006f18   0x08006f18   0x00000014   Code   RO         1380    i.TIM_ITRx_SetConfig  stm32f4xx_hal_tim.o
    0x08006f2c   0x08006f2c   0x00000070   Code   RO         1381    i.TIM_OC1_SetConfig  stm32f4xx_hal_tim.o
    0x08006f9c   0x08006f9c   0x00000078   Code   RO         1382    i.TIM_OC2_SetConfig  stm32f4xx_hal_tim.o
    0x08007014   0x08007014   0x00000078   Code   RO         1383    i.TIM_OC3_SetConfig  stm32f4xx_hal_tim.o
    0x0800708c   0x0800708c   0x00000060   Code   RO         1384    i.TIM_OC4_SetConfig  stm32f4xx_hal_tim.o
    0x080070ec   0x080070ec   0x0000002a   Code   RO         1386    i.TIM_TI1_ConfigInputStage  stm32f4xx_hal_tim.o
    0x08007116   0x08007116   0x0000002c   Code   RO         1388    i.TIM_TI2_ConfigInputStage  stm32f4xx_hal_tim.o
    0x08007142   0x08007142   0x00000002   PAD
    0x08007144   0x08007144   0x00000012   Code   RO         5125    i.TX2DataParaInit   tx2_protocol.o
    0x08007156   0x08007156   0x00000002   PAD
    0x08007158   0x08007158   0x000000fc   Code   RO         5126    i.TX2_DataProcess   tx2_protocol.o
    0x08007254   0x08007254   0x000001e0   Code   RO         4315    i.Tripod_Fun        tripod.o
    0x08007434   0x08007434   0x00000024   Code   RO         4316    i.Tripod_Init       tripod.o
    0x08007458   0x08007458   0x00000014   Code   RO          471    i.UART_DMAAbortOnError  stm32f4xx_hal_uart.o
    0x0800746c   0x0800746c   0x00000050   Code   RO          472    i.UART_DMAError     stm32f4xx_hal_uart.o
    0x080074bc   0x080074bc   0x00000046   Code   RO          473    i.UART_DMAReceiveCplt  stm32f4xx_hal_uart.o
    0x08007502   0x08007502   0x0000000e   Code   RO          474    i.UART_DMARxHalfCplt  stm32f4xx_hal_uart.o
    0x08007510   0x08007510   0x00000020   Code   RO          477    i.UART_EndRxTransfer  stm32f4xx_hal_uart.o
    0x08007530   0x08007530   0x00000020   Code   RO          478    i.UART_EndTransmit_IT  stm32f4xx_hal_uart.o
    0x08007550   0x08007550   0x00000014   Code   RO          479    i.UART_EndTxTransfer  stm32f4xx_hal_uart.o
    0x08007564   0x08007564   0x0000009a   Code   RO          480    i.UART_Receive_IT   stm32f4xx_hal_uart.o
    0x080075fe   0x080075fe   0x00000002   PAD
    0x08007600   0x08007600   0x00000368   Code   RO          481    i.UART_SetConfig    stm32f4xx_hal_uart.o
    0x08007968   0x08007968   0x00000068   Code   RO          482    i.UART_Transmit_IT  stm32f4xx_hal_uart.o
    0x080079d0   0x080079d0   0x00000014   Code   RO         5580    i.USART1_IRQHandler  usart.o
    0x080079e4   0x080079e4   0x00000016   Code   RO         3545    i.USBD_ClrClassConfig  usbd_core.o
    0x080079fa   0x080079fa   0x00000044   Code   RO         3450    i.USBD_ClrFeature   usbd_ctlreq.o
    0x08007a3e   0x08007a3e   0x00000018   Code   RO         3683    i.USBD_CtlContinueRx  usbd_ioreq.o
    0x08007a56   0x08007a56   0x00000018   Code   RO         3684    i.USBD_CtlContinueSendData  usbd_ioreq.o
    0x08007a6e   0x08007a6e   0x00000018   Code   RO         3451    i.USBD_CtlError     usbd_ctlreq.o
    0x08007a86   0x08007a86   0x0000001a   Code   RO         3686    i.USBD_CtlReceiveStatus  usbd_ioreq.o
    0x08007aa0   0x08007aa0   0x00000022   Code   RO         3687    i.USBD_CtlSendData  usbd_ioreq.o
    0x08007ac2   0x08007ac2   0x0000001a   Code   RO         3688    i.USBD_CtlSendStatus  usbd_ioreq.o
    0x08007adc   0x08007adc   0x00000050   Code   RO         3452    i.USBD_GetConfig    usbd_ctlreq.o
    0x08007b2c   0x08007b2c   0x00000148   Code   RO         3453    i.USBD_GetDescriptor  usbd_ctlreq.o
    0x08007c74   0x08007c74   0x00000044   Code   RO         3455    i.USBD_GetStatus    usbd_ctlreq.o
    0x08007cb8   0x08007cb8   0x00000014   Code   RO         5760    i.USBD_LL_ClearStallEP  usbd_conf.o
    0x08007ccc   0x08007ccc   0x000000da   Code   RO         3548    i.USBD_LL_DataInStage  usbd_core.o
    0x08007da6   0x08007da6   0x00000086   Code   RO         3549    i.USBD_LL_DataOutStage  usbd_core.o
    0x08007e2c   0x08007e2c   0x00000006   Code   RO         3550    i.USBD_LL_DevConnected  usbd_core.o
    0x08007e32   0x08007e32   0x0000001a   Code   RO         3551    i.USBD_LL_DevDisconnected  usbd_core.o
    0x08007e4c   0x08007e4c   0x00000038   Code   RO         5767    i.USBD_LL_IsStallEP  usbd_conf.o
    0x08007e84   0x08007e84   0x00000006   Code   RO         3552    i.USBD_LL_IsoINIncomplete  usbd_core.o
    0x08007e8a   0x08007e8a   0x00000006   Code   RO         3553    i.USBD_LL_IsoOUTIncomplete  usbd_core.o
    0x08007e90   0x08007e90   0x00000020   Code   RO         5768    i.USBD_LL_OpenEP    usbd_conf.o
    0x08007eb0   0x08007eb0   0x00000020   Code   RO         5769    i.USBD_LL_PrepareReceive  usbd_conf.o
    0x08007ed0   0x08007ed0   0x00000044   Code   RO         3554    i.USBD_LL_Reset     usbd_core.o
    0x08007f14   0x08007f14   0x0000000e   Code   RO         3555    i.USBD_LL_Resume    usbd_core.o
    0x08007f22   0x08007f22   0x00000022   Code   RO         3556    i.USBD_LL_SOF       usbd_core.o
    0x08007f44   0x08007f44   0x00000008   Code   RO         3557    i.USBD_LL_SetSpeed  usbd_core.o
    0x08007f4c   0x08007f4c   0x00000014   Code   RO         5770    i.USBD_LL_SetUSBAddress  usbd_conf.o
    0x08007f60   0x08007f60   0x0000006e   Code   RO         3558    i.USBD_LL_SetupStage  usbd_core.o
    0x08007fce   0x08007fce   0x00000014   Code   RO         5771    i.USBD_LL_StallEP   usbd_conf.o
    0x08007fe2   0x08007fe2   0x00000014   Code   RO         3559    i.USBD_LL_Suspend   usbd_core.o
    0x08007ff6   0x08007ff6   0x00000020   Code   RO         5774    i.USBD_LL_Transmit  usbd_conf.o
    0x08008016   0x08008016   0x00000028   Code   RO         3457    i.USBD_ParseSetupRequest  usbd_ctlreq.o
    0x0800803e   0x0800803e   0x00000006   Code   RO         3561    i.USBD_RunTestMode  usbd_core.o
    0x08008044   0x08008044   0x00000054   Code   RO         3458    i.USBD_SetAddress   usbd_ctlreq.o
    0x08008098   0x08008098   0x00000022   Code   RO         3562    i.USBD_SetClassConfig  usbd_core.o
    0x080080ba   0x080080ba   0x00000002   PAD
    0x080080bc   0x080080bc   0x000000e0   Code   RO         3459    i.USBD_SetConfig    usbd_ctlreq.o
    0x0800819c   0x0800819c   0x00000024   Code   RO         3460    i.USBD_SetFeature   usbd_ctlreq.o
    0x080081c0   0x080081c0   0x00000072   Code   RO         3461    i.USBD_StdDevReq    usbd_ctlreq.o
    0x08008232   0x08008232   0x00000156   Code   RO         3462    i.USBD_StdEPReq     usbd_ctlreq.o
    0x08008388   0x08008388   0x0000004a   Code   RO         3463    i.USBD_StdItfReq    usbd_ctlreq.o
    0x080083d2   0x080083d2   0x00000002   PAD
    0x080083d4   0x080083d4   0x000000c4   Code   RO         2816    i.USB_ActivateEndpoint  stm32f4xx_ll_usb.o
    0x08008498   0x08008498   0x00000044   Code   RO         2817    i.USB_ActivateSetup  stm32f4xx_ll_usb.o
    0x080084dc   0x080084dc   0x000001b0   Code   RO         2829    i.USB_EP0StartXfer  stm32f4xx_ll_usb.o
    0x0800868c   0x0800868c   0x00000044   Code   RO         2830    i.USB_EP0_OutStart  stm32f4xx_ll_usb.o
    0x080086d0   0x080086d0   0x00000088   Code   RO         2831    i.USB_EPClearStall  stm32f4xx_ll_usb.o
    0x08008758   0x08008758   0x0000008c   Code   RO         2832    i.USB_EPSetStall    stm32f4xx_ll_usb.o
    0x080087e4   0x080087e4   0x000002d0   Code   RO         2833    i.USB_EPStartXfer   stm32f4xx_ll_usb.o
    0x08008ab4   0x08008ab4   0x00000030   Code   RO         2836    i.USB_FlushTxFifo   stm32f4xx_ll_usb.o
    0x08008ae4   0x08008ae4   0x00000044   Code   RO         2838    i.USB_GetDevSpeed   stm32f4xx_ll_usb.o
    0x08008b28   0x08008b28   0x0000000a   Code   RO         2840    i.USB_GetMode       stm32f4xx_ll_usb.o
    0x08008b32   0x08008b32   0x00000012   Code   RO         2847    i.USB_ReadDevAllInEpInterrupt  stm32f4xx_ll_usb.o
    0x08008b44   0x08008b44   0x00000012   Code   RO         2848    i.USB_ReadDevAllOutEpInterrupt  stm32f4xx_ll_usb.o
    0x08008b56   0x08008b56   0x0000002c   Code   RO         2849    i.USB_ReadDevInEPInterrupt  stm32f4xx_ll_usb.o
    0x08008b82   0x08008b82   0x00000016   Code   RO         2850    i.USB_ReadDevOutEPInterrupt  stm32f4xx_ll_usb.o
    0x08008b98   0x08008b98   0x0000000c   Code   RO         2851    i.USB_ReadInterrupts  stm32f4xx_ll_usb.o
    0x08008ba4   0x08008ba4   0x00000022   Code   RO         2852    i.USB_ReadPacket    stm32f4xx_ll_usb.o
    0x08008bc6   0x08008bc6   0x00000024   Code   RO         2855    i.USB_SetDevAddress  stm32f4xx_ll_usb.o
    0x08008bea   0x08008bea   0x00000030   Code   RO         2859    i.USB_WritePacket   stm32f4xx_ll_usb.o
    0x08008c1a   0x08008c1a   0x00000004   Code   RO         4597    i.UsageFault_Handler  stm32f4xx_it.o
    0x08008c1e   0x08008c1e   0x00000002   PAD
    0x08008c20   0x08008c20   0x00000040   Code   RO         5214    i.Verify_CRC16_Check_Sum  dji_protocol.o
    0x08008c60   0x08008c60   0x0000002e   Code   RO         5215    i.Verify_CRC8_Check_Sum  dji_protocol.o
    0x08008c8e   0x08008c8e   0x00000002   PAD
    0x08008c90   0x08008c90   0x0000003c   Code   RO         4317    i.Yaw_Init          tripod.o
    0x08008ccc   0x08008ccc   0x00000118   Code   RO         4318    i.Yaw_SetAngle      tripod.o
    0x08008de4   0x08008de4   0x00000030   Code   RO         6195    i.__ARM_fpclassify  m_wm.l(fpclassify.o)
    0x08008e14   0x08008e14   0x00000004   PAD
    0x08008e18   0x08008e18   0x00000360   Code   RO         6081    i.__hardfp_asin     m_wm.l(asin.o)
    0x08009178   0x08009178   0x00000014   Code   RO         6107    i.__hardfp_fabs     m_wm.l(fabs.o)
    0x0800918c   0x0800918c   0x0000007a   Code   RO         6113    i.__hardfp_sqrt     m_wm.l(sqrt.o)
    0x08009206   0x08009206   0x000000f8   Code   RO         6197    i.__kernel_poly     m_wm.l(poly.o)
    0x080092fe   0x080092fe   0x00000014   Code   RO         6182    i.__mathlib_dbl_infnan  m_wm.l(dunder.o)
    0x08009312   0x08009312   0x00000006   PAD
    0x08009318   0x08009318   0x00000020   Code   RO         6184    i.__mathlib_dbl_invalid  m_wm.l(dunder.o)
    0x08009338   0x08009338   0x00000020   Code   RO         6187    i.__mathlib_dbl_underflow  m_wm.l(dunder.o)
    0x08009358   0x08009358   0x0000000e   Code   RO         6256    i.__scatterload_copy  mc_w.l(handlers.o)
    0x08009366   0x08009366   0x00000002   Code   RO         6257    i.__scatterload_null  mc_w.l(handlers.o)
    0x08009368   0x08009368   0x0000000e   Code   RO         6258    i.__scatterload_zeroinit  mc_w.l(handlers.o)
    0x08009376   0x08009376   0x00000002   PAD
    0x08009378   0x08009378   0x0000000c   Code   RO         6232    i.__set_errno       mc_w.l(errno.o)
    0x08009384   0x08009384   0x000001e0   Code   RO         3782    i.all_bsp_init      main.o
    0x08009564   0x08009564   0x00000190   Code   RO         3783    i.all_pid_init      main.o
    0x080096f4   0x080096f4   0x00000160   Code   RO         5216    i.dji_DataProcess   dji_protocol.o
    0x08009854   0x08009854   0x00000018   Code   RO         6109    i.fabs              m_wm.l(fabs.o)
    0x0800986c   0x0800986c   0x00000140   Code   RO         4406    i.little_strike_fun  strike.o
    0x080099ac   0x080099ac   0x00000054   Code   RO         3785    i.main              main.o
    0x08009a00   0x08009a00   0x00000038   Code   RO         4483    i.monitor_can_power_process  t_monitor.o
    0x08009a38   0x08009a38   0x00000028   Code   RO         4484    i.monitor_remote_process  t_monitor.o
    0x08009a60   0x08009a60   0x00000018   Code   RO         4485    i.monitor_tx2_process  t_monitor.o
    0x08009a78   0x08009a78   0x00000028   Code   RO         6045    i.pwm_init          pwm.o
    0x08009aa0   0x08009aa0   0x0000006e   Code   RO         6115    i.sqrt              m_wm.l(sqrt.o)
    0x08009b0e   0x08009b0e   0x00000060   Code   RO         5164    i.uart_receive_handler  idle_interrupt.o
    0x08009b6e   0x08009b6e   0x00000002   Code   RO         5165    i.uart_rx_idle_callback  idle_interrupt.o
    0x08009b70   0x08009b70   0x00000010   Data   RO          351    .constdata          stm32f4xx_hal_rcc.o
    0x08009b80   0x08009b80   0x00000008   Data   RO         1123    .constdata          stm32f4xx_hal_dma.o
    0x08009b88   0x08009b88   0x00000014   Data   RO         4919    .constdata          m_imu.o
    0x08009b9c   0x08009b9c   0x00000302   Data   RO         5218    .constdata          dji_protocol.o
    0x08009e9e   0x08009e9e   0x00000002   PAD
    0x08009ea0   0x08009ea0   0x00000050   Data   RO         6084    .constdata          m_wm.l(asin.o)
    0x08009ef0   0x08009ef0   0x00000020   Data   RO         6254    Region$$Table       anon$$obj.o


    Execution Region RW_IRAM1 (Exec base: 0x20000000, Load base: 0x08009f10, Size: 0x00001ac0, Max: 0x00030000, ABSOLUTE, COMPRESSED[0x00000030])

    Exec Addr    Load Addr    Size         Type   Attr      Idx    E Section Name        Object

    0x20000000   COMPRESSED   0x00000004   Data   RW         2561    .data               stm32f4xx_hal.o
    0x20000004   COMPRESSED   0x00000001   Data   RW         3464    .data               usbd_ctlreq.o
    0x20000005   COMPRESSED   0x00000003   PAD
    0x20000008   COMPRESSED   0x00000004   Data   RW         3746    .data               system_stm32f4xx.o
    0x2000000c   COMPRESSED   0x00000088   Data   RW         4056    .data               robodata.o
    0x20000094   COMPRESSED   0x00000010   Data   RW         4274    .data               tim_callback.o
    0x200000a4   COMPRESSED   0x000000a0   Data   RW         4319    .data               tripod.o
    0x20000144   COMPRESSED   0x0000004e   Data   RW         4408    .data               strike.o
    0x20000192   COMPRESSED   0x00000002   Data   RW         4769    .data               gpio_callback.o
    0x20000194   COMPRESSED   0x00000020   Data   RW         4920    .data               m_imu.o
    0x200001b4   COMPRESSED   0x00000004   Data   RW         5219    .data               dji_protocol.o
    0x200001b8   COMPRESSED   0x00000004   Data   RW         5313    .data               can.o
    0x200001bc   COMPRESSED   0x00000004   Data   RW         6233    .data               mc_w.l(errno.o)
    0x200001c0        -       0x0000003c   Zero   RW         4486    .bss                t_monitor.o
    0x200001fc        -       0x00000480   Zero   RW         4869    .bss                m_moto.o
    0x2000067c        -       0x00000324   Zero   RW         4918    .bss                m_imu.o
    0x200009a0        -       0x00000028   Zero   RW         5023    .bss                hwt901b.o
    0x200009c8        -       0x00000038   Zero   RW         5086    .bss                m_remote.o
    0x20000a00        -       0x0000000c   Zero   RW         5127    .bss                tx2_protocol.o
    0x20000a0c        -       0x00000097   Zero   RW         5217    .bss                dji_protocol.o
    0x20000aa3   COMPRESSED   0x00000001   PAD
    0x20000aa4        -       0x00000100   Zero   RW         5312    .bss                can.o
    0x20000ba4        -       0x00000300   Zero   RW         5371    .bss                dma.o
    0x20000ea4        -       0x00000168   Zero   RW         5478    .bss                tim.o
    0x2000100c        -       0x000002a4   Zero   RW         5581    .bss                usart.o
    0x200012b0        -       0x000003b8   Zero   RW         5775    .bss                usbd_conf.o
    0x20001668        -       0x00000058   Zero   RW         6006    .bss                spi.o
    0x200016c0        -       0x00000400   Zero   RW            1    STACK               startup_stm32f427xx.o


==============================================================================

Image component sizes


      Code (inc. data)   RO Data    RW Data    ZI Data      Debug   Object Name

         0          0          0          0          0        884   ammo.o
       548         68          0          4        256       3497   can.o
       352         62          0          0          0       1281   can_callback.o
       550         16        770          4        151       9374   dji_protocol.o
       640        102          0          0        768       5413   dma.o
       552         38          0          0          0       1467   gpio.o
        24          4          0          2          0        886   gpio_callback.o
       740         30          0          0         40       2117   hwt901b.o
        98          0          0          0          0       1707   idle_interrupt.o
      2208        212         20         32        804       8813   m_imu.o
       154         10          0          0       1152       2830   m_moto.o
       716          0          0          0         56       4011   m_remote.o
      1164        220          0          0          0     325041   main.o
       580         34          0          0          0       1830   moto_encoder.o
      1448         28          0          0          0       6262   pid.o
        40          4          0          0          0        511   pwm.o
       512         76          0        136          0     228199   robodata.o
       160         20          0          0         88       1909   spi.o
        36          8        428          0       1024        896   startup_stm32f427xx.o
       154         20          0          4          0       4655   stm32f4xx_hal.o
      2538         34          0          0          0       8208   stm32f4xx_hal_can.o
       348         22          0          0          0      33257   stm32f4xx_hal_cortex.o
      1394         20          8          0          0       7543   stm32f4xx_hal_dma.o
       580         58          0          0          0       3315   stm32f4xx_hal_gpio.o
        86          0          0          0          0        590   stm32f4xx_hal_msp.o
      2504         46          0          0          0     372587   stm32f4xx_hal_pcd.o
      1668         70         16          0          0       6207   stm32f4xx_hal_rcc.o
       892          0          0          0          0       4625   stm32f4xx_hal_spi.o
      2220         96          0          0          0      18480   stm32f4xx_hal_tim.o
       182          0          0          0          0       3398   stm32f4xx_hal_tim_ex.o
      2058         28          0          0          0      12288   stm32f4xx_hal_uart.o
       136         30          0          0          0       8690   stm32f4xx_it.o
      2118         20          0          0          0      14325   stm32f4xx_ll_usb.o
       740        110          0         78          0       5320   strike.o
       100         18          0          4          0       1533   system_stm32f4xx.o
       188         42          0          0         60       9127   t_monitor.o
      1152        124          0          0        360       8332   tim.o
       480         88          0         16          0       1743   tim_callback.o
      1752        142          0        160          0       7351   tripod.o
       270         10          0          0         12       2843   tx2_protocol.o
       880        112          0          0        676       6441   usart.o
       236         72          0          0          0       1419   usart_callback.o
         0          0          0          0          0       4436   usbd_cdc.o
       488          6          0          0        952      13119   usbd_conf.o
       712          0          0          0          0      11787   usbd_core.o
      1482         30          0          1          0      10307   usbd_ctlreq.o
       134          0          0          0          0       4348   usbd_ioreq.o

    ----------------------------------------------------------------------
     36048       2130       1276        444       6400    1193202   Object Totals
         0          0         32          0          0          0   (incl. Generated)
        34          0          2          3          1          0   (incl. Padding)

    ----------------------------------------------------------------------

      Code (inc. data)   RO Data    RW Data    ZI Data      Debug   Library Member Name

       864         94         80          0          0        280   asin.o
        84         16          0          0          0        372   dunder.o
        44          0          0          0          0        248   fabs.o
        48          0          0          0          0        124   fpclassify.o
       248          0          0          0          0        152   poly.o
       232          0          0          0          0        296   sqrt.o
        58          0          0          0          0          0   __dczerorl.o
         0          0          0          0          0          0   entry.o
         0          0          0          0          0          0   entry10a.o
         0          0          0          0          0          0   entry11a.o
         8          4          0          0          0          0   entry2.o
         4          0          0          0          0          0   entry5.o
         0          0          0          0          0          0   entry7b.o
         0          0          0          0          0          0   entry8b.o
         8          4          0          0          0          0   entry9a.o
        12          6          0          4          0         68   errno.o
        30          0          0          0          0          0   handlers.o
        36          8          0          0          0         68   init.o
         0          0          0          0          0          0   iusefp.o
        30          0          0          0          0         68   llshl.o
        36          0          0          0          0         68   llsshr.o
        32          0          0          0          0         68   llushr.o
        36          0          0          0          0         68   memcpya.o
        36          0          0          0          0        108   memseta.o
        48          0          0          0          0         68   cdcmple.o
        48          0          0          0          0         68   cdrcmple.o
        56          0          0          0          0         88   d2f.o
       334          0          0          0          0        148   dadd.o
       222          0          0          0          0        100   ddiv.o
       186          0          0          0          0        176   depilogue.o
        26          0          0          0          0         76   dfltui.o
       228          0          0          0          0         96   dmul.o
       162          0          0          0          0        100   dsqrt.o
        38          0          0          0          0         68   f2d.o
       110          0          0          0          0        168   fepilogue.o

    ----------------------------------------------------------------------
      3316        132         80          4          0       3144   Library Totals
        12          0          0          0          0          0   (incl. Padding)

    ----------------------------------------------------------------------

      Code (inc. data)   RO Data    RW Data    ZI Data      Debug   Library Name

      1520        110         80          0          0       1472   m_wm.l
       326         22          0          4          0        516   mc_w.l
      1458          0          0          0          0       1156   mf_w.l

    ----------------------------------------------------------------------
      3316        132         80          4          0       3144   Library Totals

    ----------------------------------------------------------------------

==============================================================================


      Code (inc. data)   RO Data    RW Data    ZI Data      Debug   

     39364       2262       1356        448       6400    1168850   Grand Totals
     39364       2262       1356         48       6400    1168850   ELF Image Totals (compressed)
     39364       2262       1356         48          0          0   ROM Totals

==============================================================================

    Total RO  Size (Code + RO Data)                40720 (  39.77kB)
    Total RW  Size (RW Data + ZI Data)              6848 (   6.69kB)
    Total ROM Size (Code + RO Data + RW Data)      40768 (  39.81kB)

==============================================================================

